Archive member included to satisfy reference by file (symbol)

C:/devkitPro/libogc/lib/cube\libogc.a(console.o)
                              main.o (CON_Init)
C:/devkitPro/libogc/lib/cube\libogc.a(video.o)
                              C:/devkitPro/libogc/lib/cube\libogc.a(console.o) (VIDEO_GetCurrentFramebuffer)
C:/devkitPro/libogc/lib/cube\libogc.a(pad.o)
                              main.o (PAD_Init)
C:/devkitPro/libogc/lib/cube\libogc.a(system.o)
                              C:/devkitPro/libogc/lib/cube\libogc.a(video.o) (__SYS_LockSram)
C:/devkitPro/libogc/lib/cube\libogc.a(system_asm.o)
                              C:/devkitPro/libogc/lib/cube\libogc.a(system.o) (__reset)
C:/devkitPro/libogc/lib/cube\libogc.a(cond.o)
                              C:/devkitPro/libogc/lib/cube\libogc.a(system.o) (__lwp_cond_init)
C:/devkitPro/libogc/lib/cube\libogc.a(decrementer.o)
                              C:/devkitPro/libogc/lib/cube\libogc.a(system.o) (__decrementer_init)
C:/devkitPro/libogc/lib/cube\libogc.a(message.o)
                              C:/devkitPro/libogc/lib/cube\libogc.a(system.o) (__lwp_mqbox_init)
C:/devkitPro/libogc/lib/cube\libogc.a(si.o)
                              C:/devkitPro/libogc/lib/cube\libogc.a(pad.o) (SI_Busy)
C:/devkitPro/libogc/lib/cube\libogc.a(ogc_crt0.o)
                              (_start)
C:/devkitPro/libogc/lib/cube\libogc.a(console_font_8x16.o)
                              C:/devkitPro/libogc/lib/cube\libogc.a(console.o) (console_font_8x16)
C:/devkitPro/libogc/lib/cube\libogc.a(timesupp.o)
                              C:/devkitPro/libogc/lib/cube\libogc.a(system.o) (gettick)
C:/devkitPro/libogc/lib/cube\libogc.a(lock_supp.o)
                              C:/devkitPro/libogc/lib/cube\libogc.a(system.o) (__syscall_lock_init)
C:/devkitPro/libogc/lib/cube\libogc.a(usbgecko.o)
                              C:/devkitPro/libogc/lib/cube\libogc.a(console.o) (usb_isgeckoalive)
C:/devkitPro/libogc/lib/cube\libogc.a(sbrk.o)
                              C:/devkitPro/libogc/lib/cube\libogc.a(system.o) (_sbrk_r)
C:/devkitPro/libogc/lib/cube\libogc.a(malloc_lock.o)
                              C:/devkitPro/libogc/lib/cube\libogc.a(system.o) (__memlock_init)
C:/devkitPro/libogc/lib/cube\libogc.a(argv.o)
                              C:/devkitPro/libogc/lib/cube\libogc.a(ogc_crt0.o) (__CheckARGV)
C:/devkitPro/libogc/lib/cube\libogc.a(lwp_priority.o)
                              C:/devkitPro/libogc/lib/cube\libogc.a(system.o) (__lwp_priority_init)
C:/devkitPro/libogc/lib/cube\libogc.a(lwp_threadq.o)
                              C:/devkitPro/libogc/lib/cube\libogc.a(cond.o) (__lwp_threadqueue_init)
C:/devkitPro/libogc/lib/cube\libogc.a(lwp_threads.o)
                              C:/devkitPro/libogc/lib/cube\libogc.a(cond.o) (_thr_executing)
C:/devkitPro/libogc/lib/cube\libogc.a(lwp_messages.o)
                              C:/devkitPro/libogc/lib/cube\libogc.a(message.o) (__lwpmq_initialize)
C:/devkitPro/libogc/lib/cube\libogc.a(lwp.o)
                              C:/devkitPro/libogc/lib/cube\libogc.a(system.o) (__lwp_sysinit)
C:/devkitPro/libogc/lib/cube\libogc.a(lwp_handler.o)
                              C:/devkitPro/libogc/lib/cube\libogc.a(lwp_threads.o) (_cpu_context_save_fp)
C:/devkitPro/libogc/lib/cube\libogc.a(lwp_stack.o)
                              C:/devkitPro/libogc/lib/cube\libogc.a(lwp_threads.o) (__lwp_stack_allocate)
C:/devkitPro/libogc/lib/cube\libogc.a(lwp_mutex.o)
                              C:/devkitPro/libogc/lib/cube\libogc.a(malloc_lock.o) (__lwp_mutex_initialize)
C:/devkitPro/libogc/lib/cube\libogc.a(lwp_watchdog.o)
                              C:/devkitPro/libogc/lib/cube\libogc.a(system.o) (__lwp_watchdog_init)
C:/devkitPro/libogc/lib/cube\libogc.a(lwp_wkspace.o)
                              C:/devkitPro/libogc/lib/cube\libogc.a(lwp_messages.o) (__wkspace_heap)
C:/devkitPro/libogc/lib/cube\libogc.a(lwp_objmgr.o)
                              C:/devkitPro/libogc/lib/cube\libogc.a(system.o) (__lwp_objmgr_initinfo)
C:/devkitPro/libogc/lib/cube\libogc.a(lwp_heap.o)
                              C:/devkitPro/libogc/lib/cube\libogc.a(lwp_wkspace.o) (__lwp_heap_init)
C:/devkitPro/libogc/lib/cube\libogc.a(sys_state.o)
                              C:/devkitPro/libogc/lib/cube\libogc.a(system.o) (_sys_state_curr)
C:/devkitPro/libogc/lib/cube\libogc.a(exception.o)
                              C:/devkitPro/libogc/lib/cube\libogc.a(system.o) (__systemcall_init)
C:/devkitPro/libogc/lib/cube\libogc.a(irq.o)
                              C:/devkitPro/libogc/lib/cube\libogc.a(video.o) (__UnmaskIrq)
C:/devkitPro/libogc/lib/cube\libogc.a(irq_handler.o)
                              C:/devkitPro/libogc/lib/cube\libogc.a(exception.o) (irq_exceptionhandler)
C:/devkitPro/libogc/lib/cube\libogc.a(semaphore.o)
                              C:/devkitPro/libogc/lib/cube\libogc.a(system.o) (__lwp_sema_init)
C:/devkitPro/libogc/lib/cube\libogc.a(video_asm.o)
[...]
Memory Configuration

Name             Origin             Length             Attributes
*default*        0x00000000         0xffffffff

Linker script and memory map

                0x80003100                        . = 0x80003100

.init           0x80003100      0x194
 *crt0.o(*.init)
 .init          0x80003100      0x170 C:/devkitPro/libogc/lib/cube\libogc.a(ogc_crt0.o)
                0x80003100                _start
                0x80003240                _memset
 *(.init)
 .init          0x80003270        0xc C:/devkitPro/devkitPPC/bin/../lib/gcc/powerpc-eabi/13.1.0/ecrti.o
                0x80003270                __init
 .init          0x8000327c        0x4 C:/devkitPro/devkitPPC/bin/../lib/gcc/powerpc-eabi/13.1.0/crtbegin.o
 .init          0x80003280        0x4 C:/devkitPro/devkitPPC/bin/../lib/gcc/powerpc-eabi/13.1.0/crtend.o
 .init          0x80003284       0x10 C:/devkitPro/devkitPPC/bin/../lib/gcc/powerpc-eabi/13.1.0/ecrtn.o

.rela.dyn       0x80003294        0x0
 .rela.iplt     0x80003294        0x0 C:/devkitPro/devkitPPC/bin/../lib/gcc/powerpc-eabi/13.1.0/crtbegin.o

.plt
 *(.plt)

.interp
 *(.interp)

.hash
 *(.hash)

.dynsym
 *(.dynsym)

.dynstr
 *(.dynstr)

.gnu.version
 *(.gnu.version)

.gnu.version_d
 *(.gnu.version_d)

.gnu.version_r
 *(.gnu.version_r)

.rel.init
 *(.rel.init)

.rela.init
 *(.rela.init)

.rel.text
 *(.rel.text .rel.text.* .rel.gnu.linkonce.t.*)

.rela.text      0x80003294        0x0
 *(.rela.text .rela.text.* .rela.gnu.linkonce.t.*)
 .rela.text.__do_global_dtors_aux
                0x80003294        0x0 C:/devkitPro/devkitPPC/bin/../lib/gcc/powerpc-eabi/13.1.0/crtbegin.o
 .rela.text.frame_dummy
                0x80003294        0x0 C:/devkitPro/devkitPPC/bin/../lib/gcc/powerpc-eabi/13.1.0/crtbegin.o
 .rela.text.unlikely.abort
                0x80003294        0x0 C:/devkitPro/devkitPPC/bin/../lib/gcc/powerpc-eabi/13.1.0/crtbegin.o
 .rela.text.__assert_func
                0x80003294        0x0 C:/devkitPro/devkitPPC/bin/../lib/gcc/powerpc-eabi/13.1.0/crtbegin.o

.rel.fini
 *(.rel.fini)

.rela.fini
 *(.rela.fini)

.rel.rodata
 *(.rel.rodata .rel.rodata.* .rel.gnu.linkonce.r.*)

.rela.rodata
 *(.rela.rodata .rela.rodata.* .rela.gnu.linkonce.r.*)

.rel.data
 *(.rel.data .rel.data.* .rel.gnu.linkonce.d.*)

.rela.data
 *(.rela.data .rela.data.* .rela.gnu.linkonce.d.*)

.rel.tdata
 *(.rel.tdata .rel.tdata.* .rel.gnu.linkonce.td.*)

.rela.tdata
 *(.rela.tdata .rela.tdata.* .rela.gnu.linkonce.td.*)

.rel.tbss
 *(.rel.tbss .rel.tbss.* .rel.gnu.linkonce.tb.*)

.rela.tbss
 *(.rela.tbss .rela.tbss.* .rela.gnu.linkonce.tb.*)

.rel.ctors
 *(.rel.ctors)

.rela.ctors
 *(.rela.ctors)

.rel.dtors
 *(.rel.dtors)

.rela.dtors
 *(.rela.dtors)

.rel.got
 *(.rel.got)

.rela.got
 *(.rela.got)

.rela.got1
 *(.rela.got1)

.rela.got2
 *(.rela.got2)

.rel.sdata
 *(.rel.sdata .rel.sdata.* .rel.gnu.linkonce.s.*)

.rela.sdata
 *(.rela.sdata .rela.sdata.* .rela.gnu.linkonce.s.*)

.rel.sbss
 *(.rel.sbss .rel.sbss.* .rel.gnu.linkonce.sb.*)

.rela.sbss
 *(.rela.sbss .rela.sbss.* .rel.gnu.linkonce.sb.*)

.rel.sdata2
 *(.rel.sdata2 .rel.sdata2.* .rel.gnu.linkonce.s2.*)

.rela.sdata2
 *(.rela.sdata2 .rela.sdata2.* .rela.gnu.linkonce.s2.*)

.rel.sbss2
 *(.rel.sbss2 .rel.sbss2.* .rel.gnu.linkonce.sb2.*)

.rela.sbss2
 *(.rela.sbss2 .rela.sbss2.* .rela.gnu.linkonce.sb2.*)

.rel.bss
 *(.rel.bss .rel.bss.* .rel.gnu.linkonce.b.*)

.rela.bss
 *(.rela.bss .rela.bss.* .rela.gnu.linkonce.b.*)

.rel.plt
 *(.rel.plt)

.rela.plt
 *(.rela.plt)

.text           0x800032a0    0x1a5c0
 *(.text)
 .text          0x800032a0      0x434 C:/devkitPro/libogc/lib/cube\libogc.a(system_asm.o)
                0x800032a0                __realmode
                0x800032b8                __configBATS
                0x8000338c                __InitFPRS
                0x800034b8                __InitPS
                0x80003514                __InitCache
                0x8000356c                __InitSystem
                0x800035e4                __flush_cache
                0x80003618                __reset
                0x80003688                __InitBATS
                0x800036a4                SYS_SwitchFiber
 *fill*         0x800036d4        0xc 00000000
 .text          0x800036e0      0x44c C:/devkitPro/libogc/lib/cube\libogc.a(lwp_handler.o)
                0x800036e0                _cpu_context_save_fp
                0x80003820                _cpu_context_restore_fp
                0x80003960                _cpu_context_switch
                0x80003a40                _cpu_context_save
                0x80003ac0                _cpu_context_restore
 .text          0x80003b2c      0x1ac C:/devkitPro/libogc/lib/cube\libogc.a(irq_handler.o)
                0x80003b2c                irq_exceptionhandler
 .text          0x80003cd8      0x4f4 C:/devkitPro/libogc/lib/cube\libogc.a(cache_asm.o)
                0x80003cd8                DCFlashInvalidate
                0x80003cec                DCEnable
                0x80003d00                DCDisable
                0x80003d14                DCFreeze
                0x80003d28                DCUnfreeze
                0x80003d3c                DCTouchLoad
                0x80003d44                DCBlockZero
                0x80003d4c                DCBlockStore
                0x80003d54                DCBlockFlush
                0x80003d5c                DCBlockInvalidate
                0x80003d64                DCInvalidateRange
                0x80003d94                DCFlushRange
                0x80003dc8                DCStoreRange
                0x80003dfc                DCFlushRangeNoSync
                0x80003e2c                DCStoreRangeNoSync
                0x80003e5c                DCZeroRange
                0x80003e8c                DCTouchRange
                0x80003ebc                ICInvalidateRange
                0x80003ef4                ICFlashInvalidate
                0x80003f08                ICEnable
                0x80003f1c                ICDisable
                0x80003f30                ICFreeze
                0x80003f44                ICUnfreeze
                0x80003f58                ICBlockInvalidate
                0x80003f60                ICSync
                0x80003f68                L2Init
                0x80003fb0                L2Enable
                0x80003fcc                L2Disable
                0x80003fe4                L2GlobalInvalidate
                0x8000403c                __LCEnable
                0x80004108                LCDisable
                0x80004130                LCAllocOneTag
                0x80004144                LCAllocTags
                0x80004184                LCLoadBlocks
                0x800041a8                LCStoreBlocks
 .text          0x800041cc      0x1ac C:/devkitPro/libogc/lib/cube\libogc.a(decrementer_handler.o)
                0x800041cc                dec_exceptionhandler
 .text          0x80004378      0x35c C:/devkitPro/libogc/lib/cube\libogc.a(exception_handler.o)
                0x80004378                exceptionhandler_start
                0x800043f4                exceptionhandler_patch
                0x80004428                exceptionhandler_end
                0x8000442c                default_exceptionhandler
                0x8000455c                fpu_exceptionhandler
                0x800046a4                systemcallhandler_start
                0x800046d0                systemcallhandler_end
 .text          0x800046d4       0x48 C:/devkitPro/devkitPPC/bin/../lib/gcc/powerpc-eabi/13.1.0\libgcc.a(eabi.o)
                0x800046d4                __eabi
 .text          0x8000471c       0x58 C:/devkitPro/devkitPPC/bin/../lib/gcc/powerpc-eabi/13.1.0\libgcc.a(crtresxfpr.o)
                0x8000471c                _restfpr_14_x
                0x80004720                _restfpr_15_x
                0x80004724                _restfpr_16_x
                0x80004728                _restfpr_17_x
                0x8000472c                _restfpr_18_x
                0x80004730                _restfpr_19_x
                0x80004734                _restfpr_20_x
                0x80004738                _restfpr_21_x
                0x8000473c                _restfpr_22_x
                0x80004740                _restfpr_23_x
                0x80004744                _restfpr_24_x
                0x80004748                _restfpr_25_x
                0x8000474c                _restfpr_26_x
                0x80004750                _restfpr_27_x
                0x80004754                _restfpr_28_x
                0x80004758                _restfpr_29_x
                0x8000475c                _restfpr_30_x
                0x80004760                _restfpr_31_x
 .text          0x80004774       0x58 C:/devkitPro/devkitPPC/bin/../lib/gcc/powerpc-eabi/13.1.0\libgcc.a(crtresxgpr.o)
                0x80004774                _restgpr_14_x
                0x80004778                _restgpr_15_x
                0x8000477c                _restgpr_16_x
                0x80004780                _restgpr_17_x
                0x80004784                _restgpr_18_x
                0x80004788                _restgpr_19_x
                0x8000478c                _restgpr_20_x
                0x80004790                _restgpr_21_x
                0x80004794                _restgpr_22_x
                0x80004798                _restgpr_23_x
                0x8000479c                _restgpr_24_x
                0x800047a0                _restgpr_25_x
                0x800047a4                _restgpr_26_x
                0x800047a8                _restgpr_27_x
                0x800047ac                _restgpr_28_x
                0x800047b0                _restgpr_29_x
                0x800047b4                _restgpr_30_x
                0x800047b8                _restgpr_31_x
 *(.text.*)
 .text.__do_global_dtors_aux
                0x800047cc       0xcc C:/devkitPro/devkitPPC/bin/../lib/gcc/powerpc-eabi/13.1.0/crtbegin.o
 .text.frame_dummy
                0x80004898       0x24 C:/devkitPro/devkitPPC/bin/../lib/gcc/powerpc-eabi/13.1.0/crtbegin.o
 .text.__crtmain
                0x800048bc       0x44 C:/devkitPro/devkitPPC/bin/../lib/gcc/powerpc-eabi/13.1.0/../../../../powerpc-eabi/lib/crtmain.o
                0x800048c0                __crtmain
 .text.Display  0x80004900       0xb8 main.o
                0x80004900                Display
 .text.input    0x800049b8       0xe4 main.o
                0x800049b8                input
 .text.main_screen
                0x80004a9c      0x228 main.o
                0x80004a9c                main_screen
 .text.ShadowAi
                0x80004cc4      0x174 main.o
                0x80004cc4                ShadowAi
 .text.startup.main
                0x80004e38      0x1fc main.o
                0x80004e38                main
 .text.__console_clear_line
                0x80005034       0xb4 C:/devkitPro/libogc/lib/cube\libogc.a(console.o)
 .text.__console_clear
                0x800050e8       0xbc C:/devkitPro/libogc/lib/cube\libogc.a(console.o)
 .text.__console_write
                0x800051a4      0x82c C:/devkitPro/libogc/lib/cube\libogc.a(console.o)
                0x800051a4                __console_write
 .text.__console_init
                0x800059d0      0x120 C:/devkitPro/libogc/lib/cube\libogc.a(console.o)
                0x800059d0                __console_init
 .text.CON_Init
                0x80005af0        0x4 C:/devkitPro/libogc/lib/cube\libogc.a(console.o)
                0x80005af0                CON_Init
 .text.CON_EnableGecko
                0x80005af4      0x100 C:/devkitPro/libogc/lib/cube\libogc.a(console.o)
                0x80005af4                CON_EnableGecko
 .text.__VIRetraceHandler
                0x80005bf4      0x1fc C:/devkitPro/libogc/lib/cube\libogc.a(video.o)
 .text.__setFbbRegs.constprop.0
                0x80005df0      0x190 C:/devkitPro/libogc/lib/cube\libogc.a(video.o)
 .text.VIDEO_Init
                0x80005f80      0x4c8 C:/devkitPro/libogc/lib/cube\libogc.a(video.o)
                0x80005f80                VIDEO_Init
 .text.VIDEO_Configure
                0x80006448      0x5ec C:/devkitPro/libogc/lib/cube\libogc.a(video.o)
                0x80006448                VIDEO_Configure
 .text.VIDEO_WaitVSync
                0x80006a34       0x74 C:/devkitPro/libogc/lib/cube\libogc.a(video.o)
                0x80006a34                VIDEO_WaitVSync
 .text.VIDEO_SetFramebuffer
                0x80006aa8      0x108 C:/devkitPro/libogc/lib/cube\libogc.a(video.o)
                0x80006aa8                VIDEO_SetFramebuffer
 .text.VIDEO_SetNextFramebuffer
                0x80006bb0       0x70 C:/devkitPro/libogc/lib/cube\libogc.a(video.o)
                0x80006bb0                VIDEO_SetNextFramebuffer
 .text.VIDEO_Flush
                0x80006c20       0xf4 C:/devkitPro/libogc/lib/cube\libogc.a(video.o)
                0x80006c20                VIDEO_Flush
 .text.VIDEO_SetBlack
                0x80006d14      0x15c C:/devkitPro/libogc/lib/cube\libogc.a(video.o)
                0x80006d14                VIDEO_SetBlack
 .text.VIDEO_GetCurrentTvMode
                0x80006e70       0x78 C:/devkitPro/libogc/lib/cube\libogc.a(video.o)
                0x80006e70                VIDEO_GetCurrentTvMode
 .text.VIDEO_GetPreferredMode
                0x80006ee8       0xf8 C:/devkitPro/libogc/lib/cube\libogc.a(video.o)
                0x80006ee8                VIDEO_GetPreferredMode
 .text.VIDEO_GetCurrentLine
                0x80006fe0       0x9c C:/devkitPro/libogc/lib/cube\libogc.a(video.o)
                0x80006fe0                VIDEO_GetCurrentLine
 .text.VIDEO_GetFrameBufferSize
                0x8000707c       0x34 C:/devkitPro/libogc/lib/cube\libogc.a(video.o)
                0x8000707c                VIDEO_GetFrameBufferSize
 .text.SPEC1_MakeStatus
                0x800070b0      0x104 C:/devkitPro/libogc/lib/cube\libogc.a(pad.o)
 .text.__pad_samplinghandler
                0x800071b4        0x4 C:/devkitPro/libogc/lib/cube\libogc.a(pad.o)
 .text.__pad_doreset
                0x800071b8       0x50 C:/devkitPro/libogc/lib/cube\libogc.a(pad.o)
 .text.__pad_updateorigin
                0x80007208       0xa4 C:/devkitPro/libogc/lib/cube\libogc.a(pad.o)
 .text.__pad_disable
                0x800072ac       0xbc C:/devkitPro/libogc/lib/cube\libogc.a(pad.o)
 .text.__pad_receivecheckcallback
                0x80007368       0x84 C:/devkitPro/libogc/lib/cube\libogc.a(pad.o)
 .text.__pad_typeandstatuscallback
                0x800073ec      0x1ac C:/devkitPro/libogc/lib/cube\libogc.a(pad.o)
 .text.__pad_originupdatecallback
                0x80007598       0x2c C:/devkitPro/libogc/lib/cube\libogc.a(pad.o)
 .text.__pad_onreset
                0x800075c4      0x108 C:/devkitPro/libogc/lib/cube\libogc.a(pad.o)
 .text.SPEC2_MakeStatus
                0x800076cc      0x214 C:/devkitPro/libogc/lib/cube\libogc.a(pad.o)
 .text.__pad_origincallback
                0x800078e0       0x74 C:/devkitPro/libogc/lib/cube\libogc.a(pad.o)
 .text.__pad_probecallback
                0x80007954       0x88 C:/devkitPro/libogc/lib/cube\libogc.a(pad.o)
 .text.__PADDisableRecalibration
                0x800079dc       0x64 C:/devkitPro/libogc/lib/cube\libogc.a(pad.o)
                0x800079dc                __PADDisableRecalibration
 .text.PAD_Reset
                0x80007a40       0xf0 C:/devkitPro/libogc/lib/cube\libogc.a(pad.o)
                0x80007a40                PAD_Reset
 .text.PAD_Read
                0x80007b30      0x2d4 C:/devkitPro/libogc/lib/cube\libogc.a(pad.o)
                0x80007b30                PAD_Read
 .text.PAD_Init
                0x80007e04       0xf8 C:/devkitPro/libogc/lib/cube\libogc.a(pad.o)
                0x80007e04                PAD_Init
 .text.PAD_ScanPads
                0x80007efc      0x15c C:/devkitPro/libogc/lib/cube\libogc.a(pad.o)
                0x80007efc                PAD_ScanPads
 .text.PAD_ButtonsDown
                0x80008058       0x40 C:/devkitPro/libogc/lib/cube\libogc.a(pad.o)
                0x80008058                PAD_ButtonsDown
 .text.__call_resetfuncs
                0x80008098       0xbc C:/devkitPro/libogc/lib/cube\libogc.a(system.o)
 .text.__MEMInterruptHandler
                0x80008154       0x14 C:/devkitPro/libogc/lib/cube\libogc.a(system.o)
 .text.__RSWDefaultHandler
                0x80008168        0x4 C:/devkitPro/libogc/lib/cube\libogc.a(system.o)
 .text.__getrtc
                0x8000816c      0x13c C:/devkitPro/libogc/lib/cube\libogc.a(system.o)
 .text.__sram_write
                0x800082a8      0x130 C:/devkitPro/libogc/lib/cube\libogc.a(system.o)
 .text.__sram_writecallback
                0x800083d8       0x54 C:/devkitPro/libogc/lib/cube\libogc.a(system.o)
 .text.__RSWHandler
                0x8000842c       0xfc C:/devkitPro/libogc/lib/cube\libogc.a(system.o)
 .text.__mem_onreset
                0x80008528       0x48 C:/devkitPro/libogc/lib/cube\libogc.a(system.o)
 .text.__unlocksram
                0x80008570      0x174 C:/devkitPro/libogc/lib/cube\libogc.a(system.o)
 .text.__sys_alarmhandler
                0x800086e4      0x154 C:/devkitPro/libogc/lib/cube\libogc.a(system.o)
 .text.__syscall_malloc_lock
                0x80008838        0x4 C:/devkitPro/libogc/lib/cube\libogc.a(system.o)
                0x80008838                __syscall_malloc_lock
 .text.__syscall_malloc_unlock
                0x8000883c        0x4 C:/devkitPro/libogc/lib/cube\libogc.a(system.o)
                0x8000883c                __syscall_malloc_unlock
 .text.__SYS_LockSram
                0x80008840       0x5c C:/devkitPro/libogc/lib/cube\libogc.a(system.o)
                0x80008840                __SYS_LockSram
 .text.__SYS_UnlockSram
                0x8000889c        0x8 C:/devkitPro/libogc/lib/cube\libogc.a(system.o)
                0x8000889c                __SYS_UnlockSram
 .text.__SYS_GetRTC
                0x800088a4       0xa0 C:/devkitPro/libogc/lib/cube\libogc.a(system.o)
                0x800088a4                __SYS_GetRTC
 .text.__SYS_SetBootTime
                0x80008944      0x160 C:/devkitPro/libogc/lib/cube\libogc.a(system.o)
                0x80008944                __SYS_SetBootTime
 .text.__SYS_PreInit
                0x80008aa4        0x4 C:/devkitPro/libogc/lib/cube\libogc.a(system.o)
                0x80008aa4                __SYS_PreInit
 .text.SYS_PreMain
                0x80008aa8        0x4 C:/devkitPro/libogc/lib/cube\libogc.a(system.o)
                0x80008aa8                SYS_PreMain
 .text.SYS_ResetButtonDown
                0x80008aac       0x18 C:/devkitPro/libogc/lib/cube\libogc.a(system.o)
                0x80008aac                SYS_ResetButtonDown
 .text.SYS_ResetSystem
                0x80008ac4      0x2fc C:/devkitPro/libogc/lib/cube\libogc.a(system.o)
                0x80008ac4                SYS_ResetSystem
 .text.__reload
                0x80008dc0       0x80 C:/devkitPro/libogc/lib/cube\libogc.a(system.o)
                0x80008dc0                __reload
 .text.__syscall_exit
                0x80008e40       0x90 C:/devkitPro/libogc/lib/cube\libogc.a(system.o)
                0x80008e40                __syscall_exit
 .text.SYS_RegisterResetFunc
                0x80008ed0       0x78 C:/devkitPro/libogc/lib/cube\libogc.a(system.o)
                0x80008ed0                SYS_RegisterResetFunc
 .text.SYS_SetArena1Lo
                0x80008f48       0x38 C:/devkitPro/libogc/lib/cube\libogc.a(system.o)
                0x80008f48                SYS_SetArena1Lo
 .text.SYS_GetArena1Lo
                0x80008f80       0x38 C:/devkitPro/libogc/lib/cube\libogc.a(system.o)
                0x80008f80                SYS_GetArena1Lo
 .text.SYS_GetArena1Hi
                0x80008fb8       0x38 C:/devkitPro/libogc/lib/cube\libogc.a(system.o)
                0x80008fb8                SYS_GetArena1Hi
 .text.SYS_AllocateFramebuffer
                0x80008ff0       0x28 C:/devkitPro/libogc/lib/cube\libogc.a(system.o)
                0x80008ff0                SYS_AllocateFramebuffer
 .text.SYS_CreateAlarm
                0x80009018       0xf0 C:/devkitPro/libogc/lib/cube\libogc.a(system.o)
                0x80009018                SYS_CreateAlarm
 .text.SYS_SetAlarm
                0x80009108      0x20c C:/devkitPro/libogc/lib/cube\libogc.a(system.o)
                0x80009108                SYS_SetAlarm
 .text.SYS_CancelAlarm
                0x80009314       0xbc C:/devkitPro/libogc/lib/cube\libogc.a(system.o)
                0x80009314                SYS_CancelAlarm
 .text.SYS_GetWirelessID
                0x800093d0       0x94 C:/devkitPro/libogc/lib/cube\libogc.a(system.o)
                0x800093d0                SYS_GetWirelessID
 .text.SYS_SetWirelessID
                0x80009464       0x90 C:/devkitPro/libogc/lib/cube\libogc.a(system.o)
                0x80009464                SYS_SetWirelessID
 .text.SYS_SetGBSMode
                0x800094f4       0xa8 C:/devkitPro/libogc/lib/cube\libogc.a(system.o)
                0x800094f4                SYS_SetGBSMode
 .text.__sram_init
                0x8000959c      0x1b8 C:/devkitPro/libogc/lib/cube\libogc.a(system.o)
                0x8000959c                __sram_init
 .text.SYS_Init
                0x80009754      0x65c C:/devkitPro/libogc/lib/cube\libogc.a(system.o)
                0x80009754                SYS_Init
 .text.SYS_Time
                0x80009db0       0x78 C:/devkitPro/libogc/lib/cube\libogc.a(system.o)
                0x80009db0                SYS_Time
 .text.__lwp_cond_init
                0x80009e28       0x14 C:/devkitPro/libogc/lib/cube\libogc.a(cond.o)
                0x80009e28                __lwp_cond_init
 .text.__decrementer_init
                0x80009e3c        0x4 C:/devkitPro/libogc/lib/cube\libogc.a(decrementer.o)
                0x80009e3c                __decrementer_init
 .text.c_decrementer_handler
                0x80009e40        0xc C:/devkitPro/libogc/lib/cube\libogc.a(decrementer.o)
                0x80009e40                c_decrementer_handler
 .text.__lwp_mqbox_init
                0x80009e4c       0x14 C:/devkitPro/libogc/lib/cube\libogc.a(message.o)
                0x80009e4c                __lwp_mqbox_init
 .text.__si_transfer
                0x80009e60      0x1a4 C:/devkitPro/libogc/lib/cube\libogc.a(si.o)
 .text.__si_alarmhandler
                0x8000a004       0xdc C:/devkitPro/libogc/lib/cube\libogc.a(si.o)
 .text.__si_completetransfer
                0x8000a0e0      0x1fc C:/devkitPro/libogc/lib/cube\libogc.a(si.o)
 .text.__si_transfernext
                0x8000a2dc       0xe0 C:/devkitPro/libogc/lib/cube\libogc.a(si.o)
 .text.SI_Busy  0x8000a3bc       0x18 C:/devkitPro/libogc/lib/cube\libogc.a(si.o)
                0x8000a3bc                SI_Busy
 .text.SI_IsChanBusy
                0x8000a3d4       0x38 C:/devkitPro/libogc/lib/cube\libogc.a(si.o)
                0x8000a3d4                SI_IsChanBusy
 .text.SI_SetXY
                0x8000a40c       0x64 C:/devkitPro/libogc/lib/cube\libogc.a(si.o)
                0x8000a40c                SI_SetXY
 .text.SI_EnablePolling
                0x8000a470       0x80 C:/devkitPro/libogc/lib/cube\libogc.a(si.o)
                0x8000a470                SI_EnablePolling
 .text.SI_DisablePolling
                0x8000a4f0       0x58 C:/devkitPro/libogc/lib/cube\libogc.a(si.o)
                0x8000a4f0                SI_DisablePolling
 .text.SI_SetSamplingRate
                0x8000a548       0xd8 C:/devkitPro/libogc/lib/cube\libogc.a(si.o)
                0x8000a548                SI_SetSamplingRate
 .text.SI_RefreshSamplingRate
                0x8000a620        0x8 C:/devkitPro/libogc/lib/cube\libogc.a(si.o)
                0x8000a620                SI_RefreshSamplingRate
 .text.SI_GetStatus
                0x8000a628       0x78 C:/devkitPro/libogc/lib/cube\libogc.a(si.o)
                0x8000a628                SI_GetStatus
 .text.SI_GetResponseRaw
                0x8000a6a0       0xe8 C:/devkitPro/libogc/lib/cube\libogc.a(si.o)
                0x8000a6a0                SI_GetResponseRaw
 .text.SI_GetResponse
                0x8000a788       0xb8 C:/devkitPro/libogc/lib/cube\libogc.a(si.o)
                0x8000a788                SI_GetResponse
 .text.SI_SetCommand
                0x8000a840       0x10 C:/devkitPro/libogc/lib/cube\libogc.a(si.o)
                0x8000a840                SI_SetCommand
 .text.SI_Transfer
                0x8000a850      0x294 C:/devkitPro/libogc/lib/cube\libogc.a(si.o)
                0x8000a850                SI_Transfer
 .text.__si_gettypecallback
                0x8000aae4      0x2c0 C:/devkitPro/libogc/lib/cube\libogc.a(si.o)
 .text.__si_interrupthandler
                0x8000ada4      0x268 C:/devkitPro/libogc/lib/cube\libogc.a(si.o)
 .text.SI_GetType
                0x8000b00c      0x1f4 C:/devkitPro/libogc/lib/cube\libogc.a(si.o)
                0x8000b00c                SI_GetType
 .text.SI_GetTypeAsync
                0x8000b200      0x138 C:/devkitPro/libogc/lib/cube\libogc.a(si.o)
                0x8000b200                SI_GetTypeAsync
 .text.SI_EnablePollingInterrupt
                0x8000b338       0x8c C:/devkitPro/libogc/lib/cube\libogc.a(si.o)
                0x8000b338                SI_EnablePollingInterrupt
 .text.SI_UnregisterPollingHandler
                0x8000b3c4       0xe0 C:/devkitPro/libogc/lib/cube\libogc.a(si.o)
                0x8000b3c4                SI_UnregisterPollingHandler
 .text.__si_init
                0x8000b4a4       0xe8 C:/devkitPro/libogc/lib/cube\libogc.a(si.o)
                0x8000b4a4                __si_init
 .text.gettick  0x8000b58c        0x8 C:/devkitPro/libogc/lib/cube\libogc.a(timesupp.o)
                0x8000b58c                gettick
 .text.gettime  0x8000b594       0x18 C:/devkitPro/libogc/lib/cube\libogc.a(timesupp.o)
                0x8000b594                gettime
 .text.settime  0x8000b5ac       0x14 C:/devkitPro/libogc/lib/cube\libogc.a(timesupp.o)
                0x8000b5ac                settime
 .text.diff_usec
                0x8000b5c0       0x88 C:/devkitPro/libogc/lib/cube\libogc.a(timesupp.o)
                0x8000b5c0                diff_usec
 .text.__timesystem_init
                0x8000b648       0x1c C:/devkitPro/libogc/lib/cube\libogc.a(timesupp.o)
                0x8000b648                __timesystem_init
 .text.udelay   0x8000b664       0xac C:/devkitPro/libogc/lib/cube\libogc.a(timesupp.o)
                0x8000b664                udelay
 .text.__syscall_lock_init
                0x8000b710       0x6c C:/devkitPro/libogc/lib/cube\libogc.a(lock_supp.o)
                0x8000b710                __syscall_lock_init
 .text.__syscall_lock_init_recursive
                0x8000b77c       0x6c C:/devkitPro/libogc/lib/cube\libogc.a(lock_supp.o)
                0x8000b77c                __syscall_lock_init_recursive
 .text.__syscall_lock_close
                0x8000b7e8       0x68 C:/devkitPro/libogc/lib/cube\libogc.a(lock_supp.o)
                0x8000b7e8                __syscall_lock_close
 .text.__syscall_lock_acquire
                0x8000b850       0x18 C:/devkitPro/libogc/lib/cube\libogc.a(lock_supp.o)
                0x8000b850                __syscall_lock_acquire
 .text.__syscall_lock_release
                0x8000b868       0x18 C:/devkitPro/libogc/lib/cube\libogc.a(lock_supp.o)
                0x8000b868                __syscall_lock_release
 .text.__usbgecko_exi_unlock
                0x8000b880       0x34 C:/devkitPro/libogc/lib/cube\libogc.a(usbgecko.o)
 .text.usb_isgeckoalive
                0x8000b8b4      0x1bc C:/devkitPro/libogc/lib/cube\libogc.a(usbgecko.o)
                0x8000b8b4                usb_isgeckoalive
 .text.usb_sendbuffer_ex
                0x8000ba70      0x214 C:/devkitPro/libogc/lib/cube\libogc.a(usbgecko.o)
                0x8000ba70                usb_sendbuffer_ex
 .text.usb_sendbuffer
                0x8000bc84        0x8 C:/devkitPro/libogc/lib/cube\libogc.a(usbgecko.o)
                0x8000bc84                usb_sendbuffer
 .text.usb_sendbuffer_safe_ex
                0x8000bc8c      0x2a8 C:/devkitPro/libogc/lib/cube\libogc.a(usbgecko.o)
                0x8000bc8c                usb_sendbuffer_safe_ex
 .text.usb_sendbuffer_safe
                0x8000bf34        0x8 C:/devkitPro/libogc/lib/cube\libogc.a(usbgecko.o)
                0x8000bf34                usb_sendbuffer_safe
 .text._sbrk_r  0x8000bf3c       0xe0 C:/devkitPro/libogc/lib/cube\libogc.a(sbrk.o)
                0x8000bf3c                _sbrk_r
 .text.__memlock_init
                0x8000c01c       0x7c C:/devkitPro/libogc/lib/cube\libogc.a(malloc_lock.o)
                0x8000c01c                __memlock_init
 .text.__libogc_malloc_lock
                0x8000c098      0x1fc C:/devkitPro/libogc/lib/cube\libogc.a(malloc_lock.o)
                0x8000c098                __libogc_malloc_lock
 .text.__libogc_malloc_unlock
                0x8000c294       0x64 C:/devkitPro/libogc/lib/cube\libogc.a(malloc_lock.o)
                0x8000c294                __libogc_malloc_unlock
 .text.__CheckARGV
                0x8000c2f8       0x80 C:/devkitPro/libogc/lib/cube\libogc.a(argv.o)
                0x8000c2f8                __CheckARGV
 .text.__lwp_priority_init
                0x8000c378       0x1c C:/devkitPro/libogc/lib/cube\libogc.a(lwp_priority.o)
                0x8000c378                __lwp_priority_init
 .text.__lwp_threadqueue_enqueuefifo
                0x8000c394      0x12c C:/devkitPro/libogc/lib/cube\libogc.a(lwp_threadq.o)
                0x8000c394                __lwp_threadqueue_enqueuefifo
 .text.__lwp_threadqueue_dequeuefifo
                0x8000c4c0      0x134 C:/devkitPro/libogc/lib/cube\libogc.a(lwp_threadq.o)
                0x8000c4c0                __lwp_threadqueue_dequeuefifo
 .text.__lwp_threadqueue_enqueuepriority
                0x8000c5f4      0x334 C:/devkitPro/libogc/lib/cube\libogc.a(lwp_threadq.o)
                0x8000c5f4                __lwp_threadqueue_enqueuepriority
 .text.__lwp_threadqueue_dequeuepriority
                0x8000c928      0x1d8 C:/devkitPro/libogc/lib/cube\libogc.a(lwp_threadq.o)
                0x8000c928                __lwp_threadqueue_dequeuepriority
 .text.__lwp_threadqueue_init
                0x8000cb00       0x64 C:/devkitPro/libogc/lib/cube\libogc.a(lwp_threadq.o)
                0x8000cb00                __lwp_threadqueue_init
 .text.__lwp_threadqueue_enqueue
                0x8000cb64      0x138 C:/devkitPro/libogc/lib/cube\libogc.a(lwp_threadq.o)
                0x8000cb64                __lwp_threadqueue_enqueue
 .text.__lwp_threadqueue_dequeue
                0x8000cc9c       0x24 C:/devkitPro/libogc/lib/cube\libogc.a(lwp_threadq.o)
                0x8000cc9c                __lwp_threadqueue_dequeue
 .text.__lwp_threadqueue_flush
                0x8000ccc0       0x68 C:/devkitPro/libogc/lib/cube\libogc.a(lwp_threadq.o)
                0x8000ccc0                __lwp_threadqueue_flush
 .text.__lwp_threadqueue_extractfifo
                0x8000cd28       0xe8 C:/devkitPro/libogc/lib/cube\libogc.a(lwp_threadq.o)
                0x8000cd28                __lwp_threadqueue_extractfifo
 .text.__lwp_threadqueue_extractpriority
                0x8000ce10      0x148 C:/devkitPro/libogc/lib/cube\libogc.a(lwp_threadq.o)
                0x8000ce10                __lwp_threadqueue_extractpriority
 .text.__lwp_threadqueue_timeout
                0x8000cf58       0xd0 C:/devkitPro/libogc/lib/cube\libogc.a(lwp_threadq.o)
 .text.__lwp_threadqueue_extractproxy
                0x8000d028       0x64 C:/devkitPro/libogc/lib/cube\libogc.a(lwp_threadq.o)
                0x8000d028                __lwp_threadqueue_extractproxy
 .text.__syscall_getreent
                0x8000d08c       0x24 C:/devkitPro/libogc/lib/cube\libogc.a(lwp_threads.o)
                0x8000d08c                __syscall_getreent
 .text.__lwp_isr_in_progress
                0x8000d0b0        0x8 C:/devkitPro/libogc/lib/cube\libogc.a(lwp_threads.o)
                0x8000d0b0                __lwp_isr_in_progress
 .text.__thread_dispatch_fp
                0x8000d0b8       0x88 C:/devkitPro/libogc/lib/cube\libogc.a(lwp_threads.o)
                0x8000d0b8                __thread_dispatch_fp
 .text.__thread_dispatch
                0x8000d140       0xf4 C:/devkitPro/libogc/lib/cube\libogc.a(lwp_threads.o)
                0x8000d140                __thread_dispatch
 .text.__lwp_thread_resettimeslice
                0x8000d234       0xb4 C:/devkitPro/libogc/lib/cube\libogc.a(lwp_threads.o)
                0x8000d234                __lwp_thread_resettimeslice
 .text.__lwp_thread_tickle_timeslice
                0x8000d2e8       0xc8 C:/devkitPro/libogc/lib/cube\libogc.a(lwp_threads.o)
                0x8000d2e8                __lwp_thread_tickle_timeslice
 .text.__lwp_thread_setstate
                0x8000d3b0      0x16c C:/devkitPro/libogc/lib/cube\libogc.a(lwp_threads.o)
                0x8000d3b0                __lwp_thread_setstate
 .text.__lwp_thread_clearstate
                0x8000d51c       0xe4 C:/devkitPro/libogc/lib/cube\libogc.a(lwp_threads.o)
                0x8000d51c                __lwp_thread_clearstate
 .text.__lwp_thread_settransient
                0x8000d600       0xb4 C:/devkitPro/libogc/lib/cube\libogc.a(lwp_threads.o)
                0x8000d600                __lwp_thread_settransient
 .text.__lwp_thread_changepriority
                0x8000d6b4      0x1f8 C:/devkitPro/libogc/lib/cube\libogc.a(lwp_threads.o)
                0x8000d6b4                __lwp_thread_changepriority
 .text.__lwp_thread_ready
                0x8000d8ac       0xf0 C:/devkitPro/libogc/lib/cube\libogc.a(lwp_threads.o)
                0x8000d8ac                __lwp_thread_ready
 .text.__lwp_thread_init
                0x8000d99c      0x160 C:/devkitPro/libogc/lib/cube\libogc.a(lwp_threads.o)
                0x8000d99c                __lwp_thread_init
 .text.__lwp_thread_close
                0x8000dafc      0x144 C:/devkitPro/libogc/lib/cube\libogc.a(lwp_threads.o)
                0x8000dafc                __lwp_thread_close
 .text.__lwp_thread_handler
                0x8000dc40       0xc0 C:/devkitPro/libogc/lib/cube\libogc.a(lwp_threads.o)
 .text.__lwp_thread_closeall
                0x8000dd00       0xb0 C:/devkitPro/libogc/lib/cube\libogc.a(lwp_threads.o)
                0x8000dd00                __lwp_thread_closeall
 .text.__lwp_thread_start
                0x8000ddb0      0x150 C:/devkitPro/libogc/lib/cube\libogc.a(lwp_threads.o)
                0x8000ddb0                __lwp_thread_start
 .text.__lwp_thread_startmultitasking
                0x8000df00       0xac C:/devkitPro/libogc/lib/cube\libogc.a(lwp_threads.o)
                0x8000df00                __lwp_thread_startmultitasking
 .text.__lwp_thread_stopmultitasking
                0x8000dfac       0x58 C:/devkitPro/libogc/lib/cube\libogc.a(lwp_threads.o)
                0x8000dfac                __lwp_thread_stopmultitasking
 .text.__lwp_thread_coreinit
                0x8000e004       0xc4 C:/devkitPro/libogc/lib/cube\libogc.a(lwp_threads.o)
                0x8000e004                __lwp_thread_coreinit
 .text.idle_func
                0x8000e0c8        0x4 C:/devkitPro/libogc/lib/cube\libogc.a(lwp.o)
 .text.__lwp_sysinit
                0x8000e0cc      0x114 C:/devkitPro/libogc/lib/cube\libogc.a(lwp.o)
                0x8000e0cc                __lwp_sysinit
 .text.LWP_InitQueue
                0x8000e1e0      0x140 C:/devkitPro/libogc/lib/cube\libogc.a(lwp.o)
                0x8000e1e0                LWP_InitQueue
 .text.LWP_ThreadSleep
                0x8000e320       0xf8 C:/devkitPro/libogc/lib/cube\libogc.a(lwp.o)
                0x8000e320                LWP_ThreadSleep
 .text.LWP_ThreadBroadcast
                0x8000e418       0x88 C:/devkitPro/libogc/lib/cube\libogc.a(lwp.o)
                0x8000e418                LWP_ThreadBroadcast
 .text.__lwp_stack_allocate
                0x8000e4a0       0x60 C:/devkitPro/libogc/lib/cube\libogc.a(lwp_stack.o)
                0x8000e4a0                __lwp_stack_allocate
 .text.__lwp_stack_free
                0x8000e500       0x1c C:/devkitPro/libogc/lib/cube\libogc.a(lwp_stack.o)
                0x8000e500                __lwp_stack_free
 .text.__lwp_mutex_initialize
                0x8000e51c       0xa4 C:/devkitPro/libogc/lib/cube\libogc.a(lwp_mutex.o)
                0x8000e51c                __lwp_mutex_initialize
 .text.__lwp_mutex_surrender
                0x8000e5c0      0x14c C:/devkitPro/libogc/lib/cube\libogc.a(lwp_mutex.o)
                0x8000e5c0                __lwp_mutex_surrender
 .text.__lwp_mutex_seize_irq_blocking
                0x8000e70c       0xf8 C:/devkitPro/libogc/lib/cube\libogc.a(lwp_mutex.o)
                0x8000e70c                __lwp_mutex_seize_irq_blocking
 .text.__lwp_mutex_flush
                0x8000e804        0x4 C:/devkitPro/libogc/lib/cube\libogc.a(lwp_mutex.o)
                0x8000e804                __lwp_mutex_flush
 .text.__lwp_wd_settimer
                0x8000e808       0xe0 C:/devkitPro/libogc/lib/cube\libogc.a(lwp_watchdog.o)
 .text.__lwp_watchdog_init
                0x8000e8e8       0x2c C:/devkitPro/libogc/lib/cube\libogc.a(lwp_watchdog.o)
                0x8000e8e8                __lwp_watchdog_init
 .text.__lwp_wd_insert
                0x8000e914      0x194 C:/devkitPro/libogc/lib/cube\libogc.a(lwp_watchdog.o)
                0x8000e914                __lwp_wd_insert
 .text.__lwp_wd_remove
                0x8000eaa8      0x138 C:/devkitPro/libogc/lib/cube\libogc.a(lwp_watchdog.o)
                0x8000eaa8                __lwp_wd_remove
 .text.__lwp_wd_tickle
                0x8000ebe0      0x120 C:/devkitPro/libogc/lib/cube\libogc.a(lwp_watchdog.o)
                0x8000ebe0                __lwp_wd_tickle
 .text.__lwp_wkspace_init
                0x8000ed00       0xc0 C:/devkitPro/libogc/lib/cube\libogc.a(lwp_wkspace.o)
                0x8000ed00                __lwp_wkspace_init
 .text.__lwp_objmgr_initinfo
                0x8000edc0      0x1a0 C:/devkitPro/libogc/lib/cube\libogc.a(lwp_objmgr.o)
                0x8000edc0                __lwp_objmgr_initinfo
 .text.__lwp_objmgr_getisrdisable
                0x8000ef60       0x60 C:/devkitPro/libogc/lib/cube\libogc.a(lwp_objmgr.o)
                0x8000ef60                __lwp_objmgr_getisrdisable
 .text.__lwp_objmgr_getnoprotection
                0x8000efc0       0x24 C:/devkitPro/libogc/lib/cube\libogc.a(lwp_objmgr.o)
                0x8000efc0                __lwp_objmgr_getnoprotection
 .text.__lwp_objmgr_get
                0x8000efe4       0x6c C:/devkitPro/libogc/lib/cube\libogc.a(lwp_objmgr.o)
                0x8000efe4                __lwp_objmgr_get
 .text.__lwp_objmgr_allocate
                0x8000f050       0x88 C:/devkitPro/libogc/lib/cube\libogc.a(lwp_objmgr.o)
                0x8000f050                __lwp_objmgr_allocate
 .text.__lwp_objmgr_free
                0x8000f0d8       0x60 C:/devkitPro/libogc/lib/cube\libogc.a(lwp_objmgr.o)
                0x8000f0d8                __lwp_objmgr_free
 .text.__lwp_heap_init
                0x8000f138       0xa4 C:/devkitPro/libogc/lib/cube\libogc.a(lwp_heap.o)
                0x8000f138                __lwp_heap_init
 .text.__lwp_heap_allocate
                0x8000f1dc      0x160 C:/devkitPro/libogc/lib/cube\libogc.a(lwp_heap.o)
                0x8000f1dc                __lwp_heap_allocate
 .text.__lwp_heap_free
                0x8000f33c      0x188 C:/devkitPro/libogc/lib/cube\libogc.a(lwp_heap.o)
                0x8000f33c                __lwp_heap_free
 .text.__systemcall_init
                0x8000f4c4       0x70 C:/devkitPro/libogc/lib/cube\libogc.a(exception.o)
                0x8000f4c4                __systemcall_init
 .text.__exception_init
                0x8000f534      0x120 C:/devkitPro/libogc/lib/cube\libogc.a(exception.o)
                0x8000f534                __exception_init
 .text.__exception_close
                0x8000f654       0xac C:/devkitPro/libogc/lib/cube\libogc.a(exception.o)
                0x8000f654                __exception_close
 .text.__exception_closeall
                0x8000f700       0x80 C:/devkitPro/libogc/lib/cube\libogc.a(exception.o)
                0x8000f700                __exception_closeall
 .text.c_default_exceptionhandler
                0x8000f780      0x464 C:/devkitPro/libogc/lib/cube\libogc.a(exception.o)
                0x8000f780                c_default_exceptionhandler
 .text.__SetInterrupts
                0x8000fbe4      0x25c C:/devkitPro/libogc/lib/cube\libogc.a(irq.o)
 .text.c_irqdispatcher
                0x8000fe40      0x278 C:/devkitPro/libogc/lib/cube\libogc.a(irq.o)
                0x8000fe40                c_irqdispatcher
 .text.__UnmaskIrq
                0x800100b8       0x84 C:/devkitPro/libogc/lib/cube\libogc.a(irq.o)
                0x800100b8                __UnmaskIrq
 .text.__MaskIrq
                0x8001013c       0x84 C:/devkitPro/libogc/lib/cube\libogc.a(irq.o)
                0x8001013c                __MaskIrq
 .text.__irq_init
                0x800101c0       0x84 C:/devkitPro/libogc/lib/cube\libogc.a(irq.o)
                0x800101c0                __irq_init
 .text.IRQ_Request
                0x80010244       0x50 C:/devkitPro/libogc/lib/cube\libogc.a(irq.o)
                0x80010244                IRQ_Request
 .text.IRQ_GetHandler
                0x80010294       0x44 C:/devkitPro/libogc/lib/cube\libogc.a(irq.o)
                0x80010294                IRQ_GetHandler
 .text.__lwp_sema_init
                0x800102d8       0x14 C:/devkitPro/libogc/lib/cube\libogc.a(semaphore.o)
                0x800102d8                __lwp_sema_init
 .text.__exi_irq_handler
                0x800102ec       0x58 C:/devkitPro/libogc/lib/cube\libogc.a(exi.o)
 .text.__ext_irq_handler
                0x80010344       0xc8 C:/devkitPro/libogc/lib/cube\libogc.a(exi.o)
 .text.__tc_irq_handler
                0x8001040c      0x178 C:/devkitPro/libogc/lib/cube\libogc.a(exi.o)
 .text.__exi_probe
                0x80010584      0x214 C:/devkitPro/libogc/lib/cube\libogc.a(exi.o)
 .text.__exi_attach
                0x80010798      0x104 C:/devkitPro/libogc/lib/cube\libogc.a(exi.o)
 .text.EXI_Lock
                0x8001089c      0x218 C:/devkitPro/libogc/lib/cube\libogc.a(exi.o)
                0x8001089c                EXI_Lock
 .text.EXI_Unlock
                0x80010ab4      0x224 C:/devkitPro/libogc/lib/cube\libogc.a(exi.o)
                0x80010ab4                EXI_Unlock
 .text.EXI_Select
                0x80010cd8      0x208 C:/devkitPro/libogc/lib/cube\libogc.a(exi.o)
                0x80010cd8                EXI_Select
 .text.EXI_Deselect
                0x80010ee0      0x16c C:/devkitPro/libogc/lib/cube\libogc.a(exi.o)
                0x80010ee0                EXI_Deselect
 .text.EXI_Sync
                0x8001104c      0x108 C:/devkitPro/libogc/lib/cube\libogc.a(exi.o)
                0x8001104c                EXI_Sync
 .text.EXI_Imm  0x80011154      0x1f8 C:/devkitPro/libogc/lib/cube\libogc.a(exi.o)
                0x80011154                EXI_Imm
 .text.EXI_ImmEx
                0x8001134c       0xd8 C:/devkitPro/libogc/lib/cube\libogc.a(exi.o)
                0x8001134c                EXI_ImmEx
 .text.EXI_Dma  0x80011424      0x16c C:/devkitPro/libogc/lib/cube\libogc.a(exi.o)
                0x80011424                EXI_Dma
 .text.EXI_Detach
                0x80011590       0xb0 C:/devkitPro/libogc/lib/cube\libogc.a(exi.o)
                0x80011590                EXI_Detach
 .text.EXI_GetID
                0x80011640      0x338 C:/devkitPro/libogc/lib/cube\libogc.a(exi.o)
                0x80011640                EXI_GetID
 .text.__unlocked_handler
                0x80011978       0x28 C:/devkitPro/libogc/lib/cube\libogc.a(exi.o)
 .text.EXI_ProbeReset
                0x800119a0       0x70 C:/devkitPro/libogc/lib/cube\libogc.a(exi.o)
                0x800119a0                EXI_ProbeReset
 .text.__exi_init
                0x80011a10      0x188 C:/devkitPro/libogc/lib/cube\libogc.a(exi.o)
                0x80011a10                __exi_init
 .text.__lwp_mutex_locksupp.constprop.0
                0x80011b98      0x2a8 C:/devkitPro/libogc/lib/cube\libogc.a(mutex.o)
 .text.__lwp_mutex_init
                0x80011e40       0x14 C:/devkitPro/libogc/lib/cube\libogc.a(mutex.o)
                0x80011e40                __lwp_mutex_init
 .text.LWP_MutexInit
                0x80011e54      0x100 C:/devkitPro/libogc/lib/cube\libogc.a(mutex.o)
                0x80011e54                LWP_MutexInit
 .text.LWP_MutexDestroy
                0x80011f54       0xf0 C:/devkitPro/libogc/lib/cube\libogc.a(mutex.o)
                0x80011f54                LWP_MutexDestroy
 .text.LWP_MutexLock
                0x80012044        0x8 C:/devkitPro/libogc/lib/cube\libogc.a(mutex.o)
                0x80012044                LWP_MutexLock
 .text.LWP_MutexUnlock
                0x8001204c       0x9c C:/devkitPro/libogc/lib/cube\libogc.a(mutex.o)
                0x8001204c                LWP_MutexUnlock
 .text.GX_AbortFrame
                0x800120e8      0x290 C:/devkitPro/libogc/lib/cube\libogc.a(gx.o)
                0x800120e8                GX_AbortFrame
 .text.number   0x80012378      0x318 C:/devkitPro/libogc/lib/cube\libogc.a(kprintf.o)
 .text.kvsprintf
                0x80012690      0x888 C:/devkitPro/libogc/lib/cube\libogc.a(kprintf.o)
                0x80012690                kvsprintf
 .text.kprintf  0x80012f18       0xac C:/devkitPro/libogc/lib/cube\libogc.a(kprintf.o)
                0x80012f18                kprintf
 .text.__lwp_queue_initialize
                0x80012fc4       0x98 C:/devkitPro/libogc/lib/cube\libogc.a(lwp_queue.o)
                0x80012fc4                __lwp_queue_initialize
 .text.__lwp_queue_get
                0x8001305c       0x74 C:/devkitPro/libogc/lib/cube\libogc.a(lwp_queue.o)
                0x8001305c                __lwp_queue_get
 .text.__lwp_queue_append
                0x800130d0       0x4c C:/devkitPro/libogc/lib/cube\libogc.a(lwp_queue.o)
                0x800130d0                __lwp_queue_append
 .text.__udivdi3
                0x8001311c      0x3bc C:/devkitPro/devkitPPC/bin/../lib/gcc/powerpc-eabi/13.1.0\libgcc.a(_udivdi3.o)
                0x8001311c                __udivdi3
 .text.__umoddi3
                0x800134d8      0x390 C:/devkitPro/devkitPPC/bin/../lib/gcc/powerpc-eabi/13.1.0\libgcc.a(_umoddi3.o)
                0x800134d8                __umoddi3
 .text.unlikely.abort
                0x80013868       0x34 C:/devkitPro/devkitPPC/bin/../lib/gcc/powerpc-eabi/13.1.0/../../../../powerpc-eabi/lib\libsysbase.a(libsysbase_libsysbase_a-abort.o)
                0x80013868                abort
 .text.build_argv
                0x8001389c      0x118 C:/devkitPro/devkitPPC/bin/../lib/gcc/powerpc-eabi/13.1.0/../../../../powerpc-eabi/lib\libsysbase.a(libsysbase_libsysbase_a-build_argv.o)
                0x8001389c                build_argv
 .text.__getreent
                0x800139b4       0x20 C:/devkitPro/devkitPPC/bin/../lib/gcc/powerpc-eabi/13.1.0/../../../../powerpc-eabi/lib\libsysbase.a(libsysbase_libsysbase_a-getreent.o)
                0x800139b4                __getreent
 .text.null_write
                0x800139d4        0x8 C:/devkitPro/devkitPPC/bin/../lib/gcc/powerpc-eabi/13.1.0/../../../../powerpc-eabi/lib\libsysbase.a(libsysbase_libsysbase_a-iosupport.o)
 .text._exit    0x800139dc       0x28 C:/devkitPro/devkitPPC/bin/../lib/gcc/powerpc-eabi/13.1.0/../../../../powerpc-eabi/lib\libsysbase.a(libsysbase_libsysbase_a-_exit.o)
                0x800139dc                _exit
 .text.memset   0x80013a04      0x198 C:/devkitPro/devkitPPC/bin/../lib/gcc/powerpc-eabi/13.1.0/../../../../powerpc-eabi/lib\libc.a(libc_a-memset.o)
                0x80013a04                memset
 .text.memcpy   0x80013b9c      0x124 C:/devkitPro/devkitPPC/bin/../lib/gcc/powerpc-eabi/13.1.0/../../../../powerpc-eabi/lib\libc.a(libc_a-memcpy.o)
                0x80013b9c                memcpy
 .text.setvbuf  0x80013cc0      0x2d0 C:/devkitPro/devkitPPC/bin/../lib/gcc/powerpc-eabi/13.1.0/../../../../powerpc-eabi/lib\libc.a(libc_a-setvbuf.o)
                0x80013cc0                setvbuf
 .text.memmove  0x80013f90      0x1bc C:/devkitPro/devkitPPC/bin/../lib/gcc/powerpc-eabi/13.1.0/../../../../powerpc-eabi/lib\libc.a(libc_a-memmove.o)
                0x80013f90                memmove
 .text.calloc   0x8001414c       0x40 C:/devkitPro/devkitPPC/bin/../lib/gcc/powerpc-eabi/13.1.0/../../../../powerpc-eabi/lib\libc.a(libc_a-calloc.o)
                0x8001414c                calloc
 .text.__errno  0x8001418c       0x20 C:/devkitPro/devkitPPC/bin/../lib/gcc/powerpc-eabi/13.1.0/../../../../powerpc-eabi/lib\libc.a(libc_a-errno.o)
                0x8001418c                __errno
 .text._calloc_r
                0x800141ac      0x100 C:/devkitPro/devkitPPC/bin/../lib/gcc/powerpc-eabi/13.1.0/../../../../powerpc-eabi/lib\libc.a(libc_a-callocr.o)
                0x800141ac                _calloc_r
 .text.strlen   0x800142ac       0x80 C:/devkitPro/devkitPPC/bin/../lib/gcc/powerpc-eabi/13.1.0/../../../../powerpc-eabi/lib\libc.a(libc_a-strlen.o)
                0x800142ac                strlen
 .text._malloc_r
                0x8001432c      0x85c C:/devkitPro/devkitPPC/bin/../lib/gcc/powerpc-eabi/13.1.0/../../../../powerpc-eabi/lib\libc.a(libc_a-mallocr.o)
                0x8001432c                _malloc_r
 .text.putchar  0x80014b88       0x34 C:/devkitPro/devkitPPC/bin/../lib/gcc/powerpc-eabi/13.1.0/../../../../powerpc-eabi/lib\libc.a(libc_a-putchar.o)
                0x80014b88                putchar
 .text._malloc_trim_r
                0x80014bbc      0x138 C:/devkitPro/devkitPPC/bin/../lib/gcc/powerpc-eabi/13.1.0/../../../../powerpc-eabi/lib\libc.a(libc_a-freer.o)
                0x80014bbc                _malloc_trim_r
 .text._free_r  0x80014cf4      0x330 C:/devkitPro/devkitPPC/bin/../lib/gcc/powerpc-eabi/13.1.0/../../../../powerpc-eabi/lib\libc.a(libc_a-freer.o)
                0x80014cf4                _free_r
 .text.malloc   0x80015024       0x58 C:/devkitPro/devkitPPC/bin/../lib/gcc/powerpc-eabi/13.1.0/../../../../powerpc-eabi/lib\libc.a(libc_a-malloc.o)
                0x80015024                malloc
 .text.free     0x8001507c       0x30 C:/devkitPro/devkitPPC/bin/../lib/gcc/powerpc-eabi/13.1.0/../../../../powerpc-eabi/lib\libc.a(libc_a-malloc.o)
                0x8001507c                free
 .text._putc_r  0x800150ac      0x140 C:/devkitPro/devkitPPC/bin/../lib/gcc/powerpc-eabi/13.1.0/../../../../powerpc-eabi/lib\libc.a(libc_a-putc.o)
                0x800150ac                _putc_r
 .text._reclaim_reent
                0x800151ec      0x10c C:/devkitPro/devkitPPC/bin/../lib/gcc/powerpc-eabi/13.1.0/../../../../powerpc-eabi/lib\libc.a(libc_a-reent.o)
                0x800151ec                _reclaim_reent
 .text.__swbuf_r
                0x800152f8      0x168 C:/devkitPro/devkitPPC/bin/../lib/gcc/powerpc-eabi/13.1.0/../../../../powerpc-eabi/lib\libc.a(libc_a-wbuf.o)
                0x800152f8                __swbuf_r
 .text.stdio_exit_handler
                0x80015460       0x1c C:/devkitPro/devkitPPC/bin/../lib/gcc/powerpc-eabi/13.1.0/../../../../powerpc-eabi/lib\libc.a(libc_a-findfp.o)
 .text.cleanup_stdio
                0x8001547c       0x88 C:/devkitPro/devkitPPC/bin/../lib/gcc/powerpc-eabi/13.1.0/../../../../powerpc-eabi/lib\libc.a(libc_a-findfp.o)
 .text.global_stdio_init.part.0
                0x80015504      0x184 C:/devkitPro/devkitPPC/bin/../lib/gcc/powerpc-eabi/13.1.0/../../../../powerpc-eabi/lib\libc.a(libc_a-findfp.o)
 .text.__sinit  0x80015688       0xa4 C:/devkitPro/devkitPPC/bin/../lib/gcc/powerpc-eabi/13.1.0/../../../../powerpc-eabi/lib\libc.a(libc_a-findfp.o)
                0x80015688                __sinit
 .text.__sfp_lock_acquire
                0x8001572c       0x40 C:/devkitPro/devkitPPC/bin/../lib/gcc/powerpc-eabi/13.1.0/../../../../powerpc-eabi/lib\libc.a(libc_a-findfp.o)
                0x8001572c                __sfp_lock_acquire
 .text.__sfp_lock_release
                0x8001576c        0xc C:/devkitPro/devkitPPC/bin/../lib/gcc/powerpc-eabi/13.1.0/../../../../powerpc-eabi/lib\libc.a(libc_a-findfp.o)
                0x8001576c                __sfp_lock_release
 .text._puts_r  0x80015778      0x13c C:/devkitPro/devkitPPC/bin/../lib/gcc/powerpc-eabi/13.1.0/../../../../powerpc-eabi/lib\libc.a(libc_a-puts.o)
                0x80015778                _puts_r
 .text.puts     0x800158b4       0x30 C:/devkitPro/devkitPPC/bin/../lib/gcc/powerpc-eabi/13.1.0/../../../../powerpc-eabi/lib\libc.a(libc_a-puts.o)
                0x800158b4                puts
 .text.__sfvwrite_r
                0x800158e4      0x5b0 C:/devkitPro/devkitPPC/bin/../lib/gcc/powerpc-eabi/13.1.0/../../../../powerpc-eabi/lib\libc.a(libc_a-fvwrite.o)
                0x800158e4                __sfvwrite_r
 .text.exit     0x80015e94       0x3c C:/devkitPro/devkitPPC/bin/../lib/gcc/powerpc-eabi/13.1.0/../../../../powerpc-eabi/lib\libc.a(libc_a-exit.o)
                0x80015e94                exit
 .text.memchr   0x80015ed0      0x1b0 C:/devkitPro/devkitPPC/bin/../lib/gcc/powerpc-eabi/13.1.0/../../../../powerpc-eabi/lib\libc.a(libc_a-memchr.o)
                0x80015ed0                memchr
 .text.write    0x80016080       0x50 C:/devkitPro/devkitPPC/bin/../lib/gcc/powerpc-eabi/13.1.0/../../../../powerpc-eabi/lib\libc.a(libc_a-syswrite.o)
                0x80016080                write
 .text.strnlen  0x800160d0       0xc8 C:/devkitPro/devkitPPC/bin/../lib/gcc/powerpc-eabi/13.1.0/../../../../powerpc-eabi/lib\libc.a(libc_a-strnlen.o)
                0x800160d0                strnlen
 .text.printf   0x80016198       0x9c C:/devkitPro/devkitPPC/bin/../lib/gcc/powerpc-eabi/13.1.0/../../../../powerpc-eabi/lib\libc.a(libc_a-printf.o)
                0x80016198                printf
 .text.memalign
                0x80016234       0x40 C:/devkitPro/devkitPPC/bin/../lib/gcc/powerpc-eabi/13.1.0/../../../../powerpc-eabi/lib\libc.a(libc_a-malign.o)
                0x80016234                memalign
 .text._fwalk_sglue
                0x80016274       0xb4 C:/devkitPro/devkitPPC/bin/../lib/gcc/powerpc-eabi/13.1.0/../../../../powerpc-eabi/lib\libc.a(libc_a-fwalk.o)
                0x80016274                _fwalk_sglue
 .text._vfprintf_r
                0x80016328     0x2478 C:/devkitPro/devkitPPC/bin/../lib/gcc/powerpc-eabi/13.1.0/../../../../powerpc-eabi/lib\libc.a(libc_a-vfprintf.o)
                0x80016328                _vfprintf_r
 .text.__sbprintf
                0x800187a0      0x100 C:/devkitPro/devkitPPC/bin/../lib/gcc/powerpc-eabi/13.1.0/../../../../powerpc-eabi/lib\libc.a(libc_a-vfprintf.o)
 .text.__smakebuf_r
                0x800188a0      0x190 C:/devkitPro/devkitPPC/bin/../lib/gcc/powerpc-eabi/13.1.0/../../../../powerpc-eabi/lib\libc.a(libc_a-makebuf.o)
                0x800188a0                __smakebuf_r
 .text.__swhatbuf_r
                0x80018a30       0xec C:/devkitPro/devkitPPC/bin/../lib/gcc/powerpc-eabi/13.1.0/../../../../powerpc-eabi/lib\libc.a(libc_a-makebuf.o)
                0x80018a30                __swhatbuf_r
 .text.__locale_mb_cur_max
                0x80018b1c       0x4c C:/devkitPro/devkitPPC/bin/../lib/gcc/powerpc-eabi/13.1.0/../../../../powerpc-eabi/lib\libc.a(libc_a-locale.o)
                0x80018b1c                __locale_mb_cur_max
 .text._wcsrtombs_r
                0x80018b68       0x10 C:/devkitPro/devkitPPC/bin/../lib/gcc/powerpc-eabi/13.1.0/../../../../powerpc-eabi/lib\libc.a(libc_a-wcsrtombs.o)
                0x80018b68                _wcsrtombs_r
 .text.__utf8_mbtowc
                0x80018b78      0x300 C:/devkitPro/devkitPPC/bin/../lib/gcc/powerpc-eabi/13.1.0/../../../../powerpc-eabi/lib\libc.a(libc_a-mbtowc_r.o)
                0x80018b78                __utf8_mbtowc
 .text.__sflush_r
                0x80018e78      0x2f4 C:/devkitPro/devkitPPC/bin/../lib/gcc/powerpc-eabi/13.1.0/../../../../powerpc-eabi/lib\libc.a(libc_a-fflush.o)
                0x80018e78                __sflush_r
 .text._fflush_r
                0x8001916c      0x108 C:/devkitPro/devkitPPC/bin/../lib/gcc/powerpc-eabi/13.1.0/../../../../powerpc-eabi/lib\libc.a(libc_a-fflush.o)
                0x8001916c                _fflush_r
 .text._wcrtomb_r
                0x80019274      0x110 C:/devkitPro/devkitPPC/bin/../lib/gcc/powerpc-eabi/13.1.0/../../../../powerpc-eabi/lib\libc.a(libc_a-wcrtomb.o)
                0x80019274                _wcrtomb_r
 .text._memalign_r
                0x80019384      0x1dc C:/devkitPro/devkitPPC/bin/../lib/gcc/powerpc-eabi/13.1.0/../../../../powerpc-eabi/lib\libc.a(libc_a-malignr.o)
                0x80019384                _memalign_r
 .text.quorem   0x80019560      0x30c C:/devkitPro/devkitPPC/bin/../lib/gcc/powerpc-eabi/13.1.0/../../../../powerpc-eabi/lib\libc.a(libc_a-dtoa.o)
 .text._dtoa_r  0x8001986c     0x1470 C:/devkitPro/devkitPPC/bin/../lib/gcc/powerpc-eabi/13.1.0/../../../../powerpc-eabi/lib\libc.a(libc_a-dtoa.o)
                0x8001986c                _dtoa_r
 .text.__swsetup_r
                0x8001acdc      0x16c C:/devkitPro/devkitPPC/bin/../lib/gcc/powerpc-eabi/13.1.0/../../../../powerpc-eabi/lib\libc.a(libc_a-wsetup.o)
                0x8001acdc                __swsetup_r
 .text._wcsnrtombs_l
                0x8001ae48      0x214 C:/devkitPro/devkitPPC/bin/../lib/gcc/powerpc-eabi/13.1.0/../../../../powerpc-eabi/lib\libc.a(libc_a-wcsnrtombs.o)
                0x8001ae48                _wcsnrtombs_l
 .text._wcsnrtombs_r
                0x8001b05c       0xd8 C:/devkitPro/devkitPPC/bin/../lib/gcc/powerpc-eabi/13.1.0/../../../../powerpc-eabi/lib\libc.a(libc_a-wcsnrtombs.o)
                0x8001b05c                _wcsnrtombs_r
 .text._fclose_r
                0x8001b134      0x1e0 C:/devkitPro/devkitPPC/bin/../lib/gcc/powerpc-eabi/13.1.0/../../../../powerpc-eabi/lib\libc.a(libc_a-fclose.o)
                0x8001b134                _fclose_r
 .text.__utf8_wctomb
                0x8001b314      0x108 C:/devkitPro/devkitPPC/bin/../lib/gcc/powerpc-eabi/13.1.0/../../../../powerpc-eabi/lib\libc.a(libc_a-wctomb_r.o)
                0x8001b314                __utf8_wctomb
 .text.startup.register_fini
                0x8001b41c        0xc C:/devkitPro/devkitPPC/bin/../lib/gcc/powerpc-eabi/13.1.0/../../../../powerpc-eabi/lib\libc.a(libc_a-__call_atexit.o)
 .text.__call_exitprocs
                0x8001b428      0x200 C:/devkitPro/devkitPPC/bin/../lib/gcc/powerpc-eabi/13.1.0/../../../../powerpc-eabi/lib\libc.a(libc_a-__call_atexit.o)
                0x8001b428                __call_exitprocs
 .text.__sread  0x8001b628       0x74 C:/devkitPro/devkitPPC/bin/../lib/gcc/powerpc-eabi/13.1.0/../../../../powerpc-eabi/lib\libc.a(libc_a-stdio.o)
                0x8001b628                __sread
 .text.__swrite
                0x8001b69c       0xb8 C:/devkitPro/devkitPPC/bin/../lib/gcc/powerpc-eabi/13.1.0/../../../../powerpc-eabi/lib\libc.a(libc_a-stdio.o)
                0x8001b69c                __swrite
 .text.__sseek  0x8001b754       0x70 C:/devkitPro/devkitPPC/bin/../lib/gcc/powerpc-eabi/13.1.0/../../../../powerpc-eabi/lib\libc.a(libc_a-stdio.o)
                0x8001b754                __sseek
 .text.__sclose
                0x8001b7c4        0x8 C:/devkitPro/devkitPPC/bin/../lib/gcc/powerpc-eabi/13.1.0/../../../../powerpc-eabi/lib\libc.a(libc_a-stdio.o)
                0x8001b7c4                __sclose
 .text._realloc_r
                0x8001b7cc      0x584 C:/devkitPro/devkitPPC/bin/../lib/gcc/powerpc-eabi/13.1.0/../../../../powerpc-eabi/lib\libc.a(libc_a-reallocr.o)
                0x8001b7cc                _realloc_r
 .text.atexit   0x8001bd50       0x14 C:/devkitPro/devkitPPC/bin/../lib/gcc/powerpc-eabi/13.1.0/../../../../powerpc-eabi/lib\libc.a(libc_a-atexit.o)
                0x8001bd50                atexit
 .text.frexp    0x8001bd64       0x90 C:/devkitPro/devkitPPC/bin/../lib/gcc/powerpc-eabi/13.1.0/../../../../powerpc-eabi/lib\libc.a(libm_a-s_frexp.o)
                0x8001bd64                frexp
 .text.strncpy  0x8001bdf4      0x108 C:/devkitPro/devkitPPC/bin/../lib/gcc/powerpc-eabi/13.1.0/../../../../powerpc-eabi/lib\libc.a(libc_a-strncpy.o)
                0x8001bdf4                strncpy
 .text.__sprint_r
                0x8001befc       0x60 C:/devkitPro/devkitPPC/bin/../lib/gcc/powerpc-eabi/13.1.0/../../../../powerpc-eabi/lib\libc.a(libc_a-sprint_r.o)
                0x8001befc                __sprint_r
 .text._Balloc  0x8001bf5c       0xe0 C:/devkitPro/devkitPPC/bin/../lib/gcc/powerpc-eabi/13.1.0/../../../../powerpc-eabi/lib\libc.a(libc_a-mprec.o)
                0x8001bf5c                _Balloc
 .text._Bfree   0x8001c03c       0x24 C:/devkitPro/devkitPPC/bin/../lib/gcc/powerpc-eabi/13.1.0/../../../../powerpc-eabi/lib\libc.a(libc_a-mprec.o)
                0x8001c03c                _Bfree
 .text.__multadd
                0x8001c060      0x154 C:/devkitPro/devkitPPC/bin/../lib/gcc/powerpc-eabi/13.1.0/../../../../powerpc-eabi/lib\libc.a(libc_a-mprec.o)
                0x8001c060                __multadd
 .text.__hi0bits
                0x8001c1b4       0x7c C:/devkitPro/devkitPPC/bin/../lib/gcc/powerpc-eabi/13.1.0/../../../../powerpc-eabi/lib\libc.a(libc_a-mprec.o)
                0x8001c1b4                __hi0bits
 .text.__lo0bits
                0x8001c230       0xb4 C:/devkitPro/devkitPPC/bin/../lib/gcc/powerpc-eabi/13.1.0/../../../../powerpc-eabi/lib\libc.a(libc_a-mprec.o)
                0x8001c230                __lo0bits
 .text.__i2b    0x8001c2e4      0x108 C:/devkitPro/devkitPPC/bin/../lib/gcc/powerpc-eabi/13.1.0/../../../../powerpc-eabi/lib\libc.a(libc_a-mprec.o)
                0x8001c2e4                __i2b
 .text.__multiply
                0x8001c3ec      0x310 C:/devkitPro/devkitPPC/bin/../lib/gcc/powerpc-eabi/13.1.0/../../../../powerpc-eabi/lib\libc.a(libc_a-mprec.o)
                0x8001c3ec                __multiply
 .text.__pow5mult
                0x8001c6fc      0x17c C:/devkitPro/devkitPPC/bin/../lib/gcc/powerpc-eabi/13.1.0/../../../../powerpc-eabi/lib\libc.a(libc_a-mprec.o)
                0x8001c6fc                __pow5mult
 .text.__lshift
                0x8001c878      0x26c C:/devkitPro/devkitPPC/bin/../lib/gcc/powerpc-eabi/13.1.0/../../../../powerpc-eabi/lib\libc.a(libc_a-mprec.o)
                0x8001c878                __lshift
 .text.__mcmp   0x8001cae4       0xdc C:/devkitPro/devkitPPC/bin/../lib/gcc/powerpc-eabi/13.1.0/../../../../powerpc-eabi/lib\libc.a(libc_a-mprec.o)
                0x8001cae4                __mcmp
 .text.__mdiff  0x8001cbc0      0x318 C:/devkitPro/devkitPPC/bin/../lib/gcc/powerpc-eabi/13.1.0/../../../../powerpc-eabi/lib\libc.a(libc_a-mprec.o)
                0x8001cbc0                __mdiff
 .text.__d2b    0x8001ced8      0x1a0 C:/devkitPro/devkitPPC/bin/../lib/gcc/powerpc-eabi/13.1.0/../../../../powerpc-eabi/lib\libc.a(libc_a-mprec.o)
                0x8001ced8                __d2b
 .text._localeconv_r
                0x8001d078       0x4c C:/devkitPro/devkitPPC/bin/../lib/gcc/powerpc-eabi/13.1.0/../../../../powerpc-eabi/lib\libc.a(libc_a-localeconv.o)
                0x8001d078                _localeconv_r
 .text.__register_exitproc
                0x8001d0c4      0x12c C:/devkitPro/devkitPPC/bin/../lib/gcc/powerpc-eabi/13.1.0/../../../../powerpc-eabi/lib\libc.a(libc_a-__atexit.o)
                0x8001d0c4                __register_exitproc
 .text.__assert_func
                0x8001d1f0       0x24 C:/devkitPro/devkitPPC/bin/../lib/gcc/powerpc-eabi/13.1.0/../../../../powerpc-eabi/lib\libsysbase.a(libsysbase_libsysbase_a-assert.o)
                0x8001d1f0                __assert_func
 .text.__flockfile
                0x8001d214       0x38 C:/devkitPro/devkitPPC/bin/../lib/gcc/powerpc-eabi/13.1.0/../../../../powerpc-eabi/lib\libsysbase.a(libsysbase_libsysbase_a-flock.o)
                0x8001d214                __flockfile
 .text.__funlockfile
                0x8001d24c        0x8 C:/devkitPro/devkitPPC/bin/../lib/gcc/powerpc-eabi/13.1.0/../../../../powerpc-eabi/lib\libsysbase.a(libsysbase_libsysbase_a-flock.o)
                0x8001d24c                __funlockfile
 .text._fstat_r
                0x8001d254       0xb0 C:/devkitPro/devkitPPC/bin/../lib/gcc/powerpc-eabi/13.1.0/../../../../powerpc-eabi/lib\libsysbase.a(libsysbase_libsysbase_a-fstat.o)
                0x8001d254                _fstat_r
 .text.__get_handle
                0x8001d304       0x90 C:/devkitPro/devkitPPC/bin/../lib/gcc/powerpc-eabi/13.1.0/../../../../powerpc-eabi/lib\libsysbase.a(libsysbase_libsysbase_a-handle_manager.o)
                0x8001d304                __get_handle
 .text._close_r
                0x8001d394      0x178 C:/devkitPro/devkitPPC/bin/../lib/gcc/powerpc-eabi/13.1.0/../../../../powerpc-eabi/lib\libsysbase.a(libsysbase_libsysbase_a-handle_manager.o)
                0x8001d394                _close_r
 .text._isatty_r
                0x8001d50c        0x8 C:/devkitPro/devkitPPC/bin/../lib/gcc/powerpc-eabi/13.1.0/../../../../powerpc-eabi/lib\libsysbase.a(libsysbase_libsysbase_a-isatty.o)
                0x8001d50c                _isatty_r
 .text._lseek_r
                0x8001d514       0xe0 C:/devkitPro/devkitPPC/bin/../lib/gcc/powerpc-eabi/13.1.0/../../../../powerpc-eabi/lib\libsysbase.a(libsysbase_libsysbase_a-lseek.o)
                0x8001d514                _lseek_r
 .text._read_r  0x8001d5f4       0xc4 C:/devkitPro/devkitPPC/bin/../lib/gcc/powerpc-eabi/13.1.0/../../../../powerpc-eabi/lib\libsysbase.a(libsysbase_libsysbase_a-read.o)
                0x8001d5f4                _read_r
 .text.__libc_lock_init
                0x8001d6b8       0x14 C:/devkitPro/devkitPPC/bin/../lib/gcc/powerpc-eabi/13.1.0/../../../../powerpc-eabi/lib\libsysbase.a(libsysbase_libsysbase_a-syscall_support.o)
                0x8001d6b8                __libc_lock_init
 .text.__libc_lock_acquire
                0x8001d6cc       0x14 C:/devkitPro/devkitPPC/bin/../lib/gcc/powerpc-eabi/13.1.0/../../../../powerpc-eabi/lib\libsysbase.a(libsysbase_libsysbase_a-syscall_support.o)
                0x8001d6cc                __libc_lock_acquire
 .text.__libc_lock_release
                0x8001d6e0       0x14 C:/devkitPro/devkitPPC/bin/../lib/gcc/powerpc-eabi/13.1.0/../../../../powerpc-eabi/lib\libsysbase.a(libsysbase_libsysbase_a-syscall_support.o)
                0x8001d6e0                __libc_lock_release
 .text.__libc_lock_close
                0x8001d6f4       0x14 C:/devkitPro/devkitPPC/bin/../lib/gcc/powerpc-eabi/13.1.0/../../../../powerpc-eabi/lib\libsysbase.a(libsysbase_libsysbase_a-syscall_support.o)
                0x8001d6f4                __libc_lock_close
 .text.__libc_lock_init_recursive
                0x8001d708       0x14 C:/devkitPro/devkitPPC/bin/../lib/gcc/powerpc-eabi/13.1.0/../../../../powerpc-eabi/lib\libsysbase.a(libsysbase_libsysbase_a-syscall_support.o)
                0x8001d708                __libc_lock_init_recursive
 .text.__malloc_lock
                0x8001d71c       0x14 C:/devkitPro/devkitPPC/bin/../lib/gcc/powerpc-eabi/13.1.0/../../../../powerpc-eabi/lib\libsysbase.a(libsysbase_libsysbase_a-syscall_support.o)
                0x8001d71c                __malloc_lock
 .text.__malloc_unlock
                0x8001d730       0x14 C:/devkitPro/devkitPPC/bin/../lib/gcc/powerpc-eabi/13.1.0/../../../../powerpc-eabi/lib\libsysbase.a(libsysbase_libsysbase_a-syscall_support.o)
                0x8001d730                __malloc_unlock
 .text._write_r
                0x8001d744       0xc4 C:/devkitPro/devkitPPC/bin/../lib/gcc/powerpc-eabi/13.1.0/../../../../powerpc-eabi/lib\libsysbase.a(libsysbase_libsysbase_a-write.o)
                0x8001d744                _write_r
 .text.__do_global_ctors_aux
                0x8001d808       0x50 C:/devkitPro/devkitPPC/bin/../lib/gcc/powerpc-eabi/13.1.0/crtend.o
 *(.gnu.warning)
 *(.gnu.linkonce.t.*)
                0x8001d860                        . = ALIGN (0x20)
 *fill*         0x8001d858        0x8 00000000

.glink          0x8001d860        0x0
 .glink         0x8001d860        0x0 C:/devkitPro/devkitPPC/bin/../lib/gcc/powerpc-eabi/13.1.0/crtbegin.o

.fini           0x8001d860       0x20
 *(.fini)
 .fini          0x8001d860        0xc C:/devkitPro/devkitPPC/bin/../lib/gcc/powerpc-eabi/13.1.0/ecrti.o
                0x8001d860                __fini
 .fini          0x8001d86c        0x4 C:/devkitPro/devkitPPC/bin/../lib/gcc/powerpc-eabi/13.1.0/crtbegin.o
 .fini          0x8001d870       0x10 C:/devkitPro/devkitPPC/bin/../lib/gcc/powerpc-eabi/13.1.0/ecrtn.o
                0x8001d880                        . = ALIGN (0x20)
                [!provide]                        PROVIDE (__etext = .)
                [!provide]                        PROVIDE (_etext = .)
                [!provide]                        PROVIDE (etext = .)

.rodata         0x8001d880     0x13f0
 *(.rodata)
 *(.rodata.*)
 .rodata.main_screen.str1.4
                0x8001d880      0x7b1 main.o
                                0x196 (size before relaxing)
 .rodata.ShadowAi.str1.4
                0x8001e031       0xc3 main.o
 .rodata.main.str1.4
                0x8001e031      0x100 main.o
 *fill*         0x8001e031        0x3 
 .rodata.main   0x8001e034       0x18 main.o
 .rodata.__console_write
                0x8001e04c       0xec C:/devkitPro/libogc/lib/cube\libogc.a(console.o)
 .rodata.color_table
                0x8001e138       0x40 C:/devkitPro/libogc/lib/cube\libogc.a(console.o)
 .rodata.str1.4
                0x8001e178        0x7 C:/devkitPro/libogc/lib/cube\libogc.a(console.o)
 .rodata.dotab_stdout
                0x8001e178       0x80 C:/devkitPro/libogc/lib/cube\libogc.a(console.o)
                0x8001e178                dotab_stdout
 .rodata.CSWTCH.140
                0x8001e1f8       0x5c C:/devkitPro/libogc/lib/cube\libogc.a(video.o)
 .rodata.video_timing
                0x8001e254      0x110 C:/devkitPro/libogc/lib/cube\libogc.a(video.o)
 .rodata._dsp_initcode
                0x8001e364       0x80 C:/devkitPro/libogc/lib/cube\libogc.a(system.o)
 .rodata.c_default_exceptionhandler.str1.4
                0x8001e3e4      0x267 C:/devkitPro/libogc/lib/cube\libogc.a(exception.o)
 .rodata.str1.4
                0x8001e3e4       0xa0 C:/devkitPro/libogc/lib/cube\libogc.a(exception.o)
 .rodata.exception_name
                0x8001e3e4       0x3c C:/devkitPro/libogc/lib/cube\libogc.a(exception.o)
 .rodata.exception_location
                0x8001e420       0x3c C:/devkitPro/libogc/lib/cube\libogc.a(exception.o)
 .rodata.__SetInterrupts
                0x8001e45c       0x6c C:/devkitPro/libogc/lib/cube\libogc.a(irq.o)
 .rodata._irqPrio
                0x8001e4c8       0x2c C:/devkitPro/libogc/lib/cube\libogc.a(irq.o)
 .rodata.number.str1.4
                0x8001e4f4       0x4d C:/devkitPro/libogc/lib/cube\libogc.a(kprintf.o)
 .rodata.kvsprintf.str1.4
                0x8001e4f4        0x7 C:/devkitPro/libogc/lib/cube\libogc.a(kprintf.o)
 .rodata.kvsprintf
                0x8001e4f4      0x2e4 C:/devkitPro/libogc/lib/cube\libogc.a(kprintf.o)
 .rodata.AddDevice.str1.4
                0x8001e7d8        0x8 C:/devkitPro/devkitPPC/bin/../lib/gcc/powerpc-eabi/13.1.0/../../../../powerpc-eabi/lib\libsysbase.a(libsysbase_libsysbase_a-iosupport.o)
 .rodata.dotab_stdnull
                0x8001e7d8       0x80 C:/devkitPro/devkitPPC/bin/../lib/gcc/powerpc-eabi/13.1.0/../../../../powerpc-eabi/lib\libsysbase.a(libsysbase_libsysbase_a-iosupport.o)
                0x8001e7d8                dotab_stdnull
 .rodata._puts_r.str1.4
                0x8001e858        0x2 C:/devkitPro/devkitPPC/bin/../lib/gcc/powerpc-eabi/13.1.0/../../../../powerpc-eabi/lib\libc.a(libc_a-puts.o)
 .rodata._ctype_
                0x8001e858      0x101 C:/devkitPro/devkitPPC/bin/../lib/gcc/powerpc-eabi/13.1.0/../../../../powerpc-eabi/lib\libc.a(libc_a-ctype_.o)
                0x8001e858                _ctype_
 .rodata._vfprintf_r.str1.1
                0x8001e959       0x3b C:/devkitPro/devkitPPC/bin/../lib/gcc/powerpc-eabi/13.1.0/../../../../powerpc-eabi/lib\libc.a(libc_a-vfprintf.o)
 .rodata._vfprintf_r
                0x8001e994      0x16c C:/devkitPro/devkitPPC/bin/../lib/gcc/powerpc-eabi/13.1.0/../../../../powerpc-eabi/lib\libc.a(libc_a-vfprintf.o)
 .rodata.zeroes.0
                0x8001eb00       0x10 C:/devkitPro/devkitPPC/bin/../lib/gcc/powerpc-eabi/13.1.0/../../../../powerpc-eabi/lib\libc.a(libc_a-vfprintf.o)
 .rodata.blanks.1
                0x8001eb10       0x10 C:/devkitPro/devkitPPC/bin/../lib/gcc/powerpc-eabi/13.1.0/../../../../powerpc-eabi/lib\libc.a(libc_a-vfprintf.o)
 .rodata.cst4   0x8001eb20       0x30 C:/devkitPro/devkitPPC/bin/../lib/gcc/powerpc-eabi/13.1.0/../../../../powerpc-eabi/lib\libc.a(libc_a-vfprintf.o)
                                 0x14 (size before relaxing)
 .rodata.cst8   0x8001eb50       0x20 C:/devkitPro/devkitPPC/bin/../lib/gcc/powerpc-eabi/13.1.0/../../../../powerpc-eabi/lib\libc.a(libc_a-vfprintf.o)
                                  0x8 (size before relaxing)
 .rodata.str1.4
                0x8001eb70       0x4c C:/devkitPro/devkitPPC/bin/../lib/gcc/powerpc-eabi/13.1.0/../../../../powerpc-eabi/lib\libc.a(libc_a-locale.o)
 .rodata._dtoa_r.str1.4
                0x8001eb70       0x64 C:/devkitPro/devkitPPC/bin/../lib/gcc/powerpc-eabi/13.1.0/../../../../powerpc-eabi/lib\libc.a(libc_a-dtoa.o)
 .rodata.cst4   0x8001eb70       0x24 C:/devkitPro/devkitPPC/bin/../lib/gcc/powerpc-eabi/13.1.0/../../../../powerpc-eabi/lib\libc.a(libc_a-dtoa.o)
 .rodata.cst8   0x8001eb70       0x18 C:/devkitPro/devkitPPC/bin/../lib/gcc/powerpc-eabi/13.1.0/../../../../powerpc-eabi/lib\libc.a(libc_a-dtoa.o)
 .rodata.cst4   0x8001eb70        0x4 C:/devkitPro/devkitPPC/bin/../lib/gcc/powerpc-eabi/13.1.0/../../../../powerpc-eabi/lib\libc.a(libm_a-s_frexp.o)
 .rodata.__multadd.str1.4
                0x8001eb70       0x51 C:/devkitPro/devkitPPC/bin/../lib/gcc/powerpc-eabi/13.1.0/../../../../powerpc-eabi/lib\libc.a(libc_a-mprec.o)
 .rodata.p05.0  0x8001eb70        0xc C:/devkitPro/devkitPPC/bin/../lib/gcc/powerpc-eabi/13.1.0/../../../../powerpc-eabi/lib\libc.a(libc_a-mprec.o)
 *fill*         0x8001eb7c        0x4 
 .rodata.__mprec_bigtens
                0x8001eb80       0x28 C:/devkitPro/devkitPPC/bin/../lib/gcc/powerpc-eabi/13.1.0/../../../../powerpc-eabi/lib\libc.a(libc_a-mprec.o)
                0x8001eb80                __mprec_bigtens
 .rodata.__mprec_tens
                0x8001eba8       0xc8 C:/devkitPro/devkitPPC/bin/../lib/gcc/powerpc-eabi/13.1.0/../../../../powerpc-eabi/lib\libc.a(libc_a-mprec.o)
                0x8001eba8                __mprec_tens
 *(.gnu.linkonce.r.*)

.eh_frame_hdr   0x8001ec70      0xa6c
 .eh_frame_hdr  0x8001ec70      0xa6c C:/devkitPro/devkitPPC/bin/../lib/gcc/powerpc-eabi/13.1.0/../../../../powerpc-eabi/lib/crtmain.o
                0x8001ec70                __GNU_EH_FRAME_HDR

.rodata1
 *(.rodata1)

.sdata2         0x8001f6dc        0x4
                0x8001f6dc                        PROVIDE (_SDA2_BASE_ = .)
 *(.sdata2)
 .sdata2        0x8001f6dc        0x0 C:/devkitPro/devkitPPC/bin/../lib/gcc/powerpc-eabi/13.1.0/ecrti.o
                0x8001f6dc                __SDATA2_START__
 .sdata2        0x8001f6dc        0x0 C:/devkitPro/devkitPPC/bin/../lib/gcc/powerpc-eabi/13.1.0/crtbegin.o
 *(.sdata2.*)
 .sdata2.__sys_inIPL
                0x8001f6dc        0x4 C:/devkitPro/libogc/lib/cube\libogc.a(system.o)
 *(.gnu.linkonce.s2.*)

.sbss2          0x8001f6e0        0x0
 *(.sbss2)
 .sbss2         0x8001f6e0        0x0 C:/devkitPro/devkitPPC/bin/../lib/gcc/powerpc-eabi/13.1.0/ecrtn.o
 *(.sbss2.*)
 *(.gnu.linkonce.sb2.*)
                0x8001f6e0                        . = ALIGN (0x4)
                [!provide]                        PROVIDE (__preinit_array_start = .)

.preinit_array
 *(.preinit_array)
                [!provide]                        PROVIDE (__preinit_array_end = .)
                [!provide]                        PROVIDE (__init_array_start = .)

.init_array
 *(.init_array)
                [!provide]                        PROVIDE (__init_array_end = .)
                [!provide]                        PROVIDE (__fini_array_start = .)

.fini_array
 *(.fini_array)
                [!provide]                        PROVIDE (__fini_array_end = .)

.data           0x8001f6e0     0x2a00
 *(.data)
 .data          0x8001f6e0       0x10 C:/devkitPro/libogc/lib/cube\libogc.a(system_asm.o)
 .data          0x8001f6f0        0x4 C:/devkitPro/devkitPPC/bin/../lib/gcc/powerpc-eabi/13.1.0\libgcc.a(eabi.o)
 *(.data.*)
 .data.TVEurgb60Hz480Prog
                0x8001f6f4       0x3c C:/devkitPro/libogc/lib/cube\libogc.a(video.o)
                0x8001f6f4                TVEurgb60Hz480Prog
 .data.TVEurgb60Hz480IntDf
                0x8001f730       0x3c C:/devkitPro/libogc/lib/cube\libogc.a(video.o)
                0x8001f730                TVEurgb60Hz480IntDf
 .data.TVPal576ProgScale
                0x8001f76c       0x3c C:/devkitPro/libogc/lib/cube\libogc.a(video.o)
                0x8001f76c                TVPal576ProgScale
 .data.TVPal576IntDfScale
                0x8001f7a8       0x3c C:/devkitPro/libogc/lib/cube\libogc.a(video.o)
                0x8001f7a8                TVPal576IntDfScale
 .data.TVMpal480Prog
                0x8001f7e4       0x3c C:/devkitPro/libogc/lib/cube\libogc.a(video.o)
                0x8001f7e4                TVMpal480Prog
 .data.TVMpal480IntDf
                0x8001f820       0x3c C:/devkitPro/libogc/lib/cube\libogc.a(video.o)
                0x8001f820                TVMpal480IntDf
 .data.TVNtsc480Prog
                0x8001f85c       0x3c C:/devkitPro/libogc/lib/cube\libogc.a(video.o)
                0x8001f85c                TVNtsc480Prog
 .data.TVNtsc480IntDf
                0x8001f898       0x3c C:/devkitPro/libogc/lib/cube\libogc.a(video.o)
                0x8001f898                TVNtsc480IntDf
 .data.pad_resetinfo
                0x8001f8d4       0x10 C:/devkitPro/libogc/lib/cube\libogc.a(pad.o)
 .data.mem_resetinfo
                0x8001f8e4       0x10 C:/devkitPro/libogc/lib/cube\libogc.a(system.o)
 .data.si_type  0x8001f8f4       0x10 C:/devkitPro/libogc/lib/cube\libogc.a(si.o)
 .data.xy       0x8001f904       0x60 C:/devkitPro/libogc/lib/cube\libogc.a(si.o)
 .data.sicntrl  0x8001f964       0x14 C:/devkitPro/libogc/lib/cube\libogc.a(si.o)
 .data.console_font_8x16
                0x8001f978     0x1000 C:/devkitPro/libogc/lib/cube\libogc.a(console_font_8x16.o)
                0x8001f978                console_font_8x16
 .data.devoptab_list
                0x80020978       0x8c C:/devkitPro/devkitPPC/bin/../lib/gcc/powerpc-eabi/13.1.0/../../../../powerpc-eabi/lib\libsysbase.a(libsysbase_libsysbase_a-iosupport.o)
                0x80020978                devoptab_list
 *fill*         0x80020a04        0x4 
 .data._impure_data
                0x80020a08      0x120 C:/devkitPro/devkitPPC/bin/../lib/gcc/powerpc-eabi/13.1.0/../../../../powerpc-eabi/lib\libc.a(libc_a-impure.o)
                0x80020a08                _impure_data
 .data.__malloc_av_
                0x80020b28      0x408 C:/devkitPro/devkitPPC/bin/../lib/gcc/powerpc-eabi/13.1.0/../../../../powerpc-eabi/lib\libc.a(libc_a-mallocr.o)
                0x80020b28                __malloc_av_
 .data.__sglue  0x80020f30        0xc C:/devkitPro/devkitPPC/bin/../lib/gcc/powerpc-eabi/13.1.0/../../../../powerpc-eabi/lib\libc.a(libc_a-findfp.o)
                0x80020f30                __sglue
 .data.__global_locale
                0x80020f3c      0x16c C:/devkitPro/devkitPPC/bin/../lib/gcc/powerpc-eabi/13.1.0/../../../../powerpc-eabi/lib\libc.a(libc_a-locale.o)
                0x80020f3c                __global_locale
 .data.handles  0x800210a8     0x1000 C:/devkitPro/devkitPPC/bin/../lib/gcc/powerpc-eabi/13.1.0/../../../../powerpc-eabi/lib\libsysbase.a(libsysbase_libsysbase_a-handle_manager.o)
 .data.__stderr_handle
                0x800220a8        0xc C:/devkitPro/devkitPPC/bin/../lib/gcc/powerpc-eabi/13.1.0/../../../../powerpc-eabi/lib\libsysbase.a(libsysbase_libsysbase_a-handle_manager.o)
 .data.__stdout_handle
                0x800220b4        0xc C:/devkitPro/devkitPPC/bin/../lib/gcc/powerpc-eabi/13.1.0/../../../../powerpc-eabi/lib\libsysbase.a(libsysbase_libsysbase_a-handle_manager.o)
 .data.__stdin_handle
                0x800220c0        0xc C:/devkitPro/devkitPPC/bin/../lib/gcc/powerpc-eabi/13.1.0/../../../../powerpc-eabi/lib\libsysbase.a(libsysbase_libsysbase_a-handle_manager.o)
 *(.gnu.linkonce.d.*)
                0x800220e0                        . = ALIGN (0x20)
 *fill*         0x800220cc       0x14 

.branch_lt      0x800220e0        0x0
 .branch_lt     0x800220e0        0x0 C:/devkitPro/devkitPPC/bin/../lib/gcc/powerpc-eabi/13.1.0/crtbegin.o

.data1
 *(.data1)

.tdata
 *(.tdata .tdata.* .gnu.linkonce.td.*)

.tbss
 *(.tbss .tbss.* .gnu.linkonce.tb.*)
 *(.tcommon)

.eh_frame       0x800220e0     0x3fa0
 *(.eh_frame)
 .eh_frame      0x800220e0        0x0 C:/devkitPro/devkitPPC/bin/../lib/gcc/powerpc-eabi/13.1.0/ecrti.o
                0x800220e0                __EH_FRAME_BEGIN__
 .eh_frame      0x800220e0        0x0 C:/devkitPro/devkitPPC/bin/../lib/gcc/powerpc-eabi/13.1.0/crtbegin.o
 .eh_frame      0x800220e0        0x0 C:/devkitPro/devkitPPC/bin/../lib/gcc/powerpc-eabi/13.1.0/crtbegin.o
 .eh_frame      0x800220e0       0x34 C:/devkitPro/devkitPPC/bin/../lib/gcc/powerpc-eabi/13.1.0/../../../../powerpc-eabi/lib/crtmain.o
 .eh_frame      0x80022114      0x140 main.o
                                0x154 (size before relaxing)
 .eh_frame      0x80022254      0x150 C:/devkitPro/libogc/lib/cube\libogc.a(console.o)
                                0x214 (size before relaxing)
 .eh_frame      0x800223a4      0x218 C:/devkitPro/libogc/lib/cube\libogc.a(video.o)
                                0x2f4 (size before relaxing)
 .eh_frame      0x800225bc      0x30c C:/devkitPro/libogc/lib/cube\libogc.a(pad.o)
                                0x4d0 (size before relaxing)
 .eh_frame      0x800228c8      0x57c C:/devkitPro/libogc/lib/cube\libogc.a(system.o)
                                0xad4 (size before relaxing)
 .eh_frame      0x80022e44       0x14 C:/devkitPro/libogc/lib/cube\libogc.a(cond.o)
                                0x1ec (size before relaxing)
 .eh_frame      0x80022e58       0x28 C:/devkitPro/libogc/lib/cube\libogc.a(decrementer.o)
                                 0x3c (size before relaxing)
 .eh_frame      0x80022e80       0x14 C:/devkitPro/libogc/lib/cube\libogc.a(message.o)
                                0x178 (size before relaxing)
 .eh_frame      0x80022e94      0x464 C:/devkitPro/libogc/lib/cube\libogc.a(si.o)
                                0x53c (size before relaxing)
 .eh_frame      0x800232f8       0xa4 C:/devkitPro/libogc/lib/cube\libogc.a(timesupp.o)
                                0x1ec (size before relaxing)
 .eh_frame      0x8002339c       0xd0 C:/devkitPro/libogc/lib/cube\libogc.a(lock_supp.o)
                                 0xe4 (size before relaxing)
 .eh_frame      0x8002346c      0x154 C:/devkitPro/libogc/lib/cube\libogc.a(usbgecko.o)
                                0x3f4 (size before relaxing)
 .eh_frame      0x800235c0       0x3c C:/devkitPro/libogc/lib/cube\libogc.a(sbrk.o)
                                 0x50 (size before relaxing)
 .eh_frame      0x800235fc       0x74 C:/devkitPro/libogc/lib/cube\libogc.a(malloc_lock.o)
                                 0x88 (size before relaxing)
 .eh_frame      0x80023670       0x20 C:/devkitPro/libogc/lib/cube\libogc.a(argv.o)
                                 0x34 (size before relaxing)
 .eh_frame      0x80023690       0x14 C:/devkitPro/libogc/lib/cube\libogc.a(lwp_priority.o)
                                 0x28 (size before relaxing)
 .eh_frame      0x800236a4      0x268 C:/devkitPro/libogc/lib/cube\libogc.a(lwp_threadq.o)
                                0x2cc (size before relaxing)
 .eh_frame      0x8002390c      0x2ac C:/devkitPro/libogc/lib/cube\libogc.a(lwp_threads.o)
                                0x394 (size before relaxing)
 .eh_frame      0x80023bb8        0x0 C:/devkitPro/libogc/lib/cube\libogc.a(lwp_messages.o)
                                0x270 (size before relaxing)
 .eh_frame      0x80023bb8       0xfc C:/devkitPro/libogc/lib/cube\libogc.a(lwp.o)
                                0x418 (size before relaxing)
 .eh_frame      0x80023cb4       0x3c C:/devkitPro/libogc/lib/cube\libogc.a(lwp_stack.o)
                                 0x50 (size before relaxing)
 .eh_frame      0x80023cf0       0x9c C:/devkitPro/libogc/lib/cube\libogc.a(lwp_mutex.o)
                                 0xb0 (size before relaxing)
 .eh_frame      0x80023d8c      0x124 C:/devkitPro/libogc/lib/cube\libogc.a(lwp_watchdog.o)
                                0x1a0 (size before relaxing)
 .eh_frame      0x80023eb0       0x30 C:/devkitPro/libogc/lib/cube\libogc.a(lwp_wkspace.o)
                                 0xa8 (size before relaxing)
 .eh_frame      0x80023ee0       0xb8 C:/devkitPro/libogc/lib/cube\libogc.a(lwp_objmgr.o)
                                 0xe0 (size before relaxing)
 .eh_frame      0x80023f98       0x3c C:/devkitPro/libogc/lib/cube\libogc.a(lwp_heap.o)
                                 0x64 (size before relaxing)
 .eh_frame      0x80023fd4       0xec C:/devkitPro/libogc/lib/cube\libogc.a(exception.o)
                                0x160 (size before relaxing)
 .eh_frame      0x800240c0       0xc8 C:/devkitPro/libogc/lib/cube\libogc.a(irq.o)
                                0x118 (size before relaxing)
 .eh_frame      0x80024188       0x14 C:/devkitPro/libogc/lib/cube\libogc.a(semaphore.o)
                                0x158 (size before relaxing)
 .eh_frame      0x8002419c      0x4fc C:/devkitPro/libogc/lib/cube\libogc.a(exi.o)
                                0x7e4 (size before relaxing)
 .eh_frame      0x80024698      0x124 C:/devkitPro/libogc/lib/cube\libogc.a(mutex.o)
                                0x14c (size before relaxing)
 .eh_frame      0x800247bc       0x30 C:/devkitPro/libogc/lib/cube\libogc.a(gx.o)
                               0x1634 (size before relaxing)
 .eh_frame      0x800247ec      0x104 C:/devkitPro/libogc/lib/cube\libogc.a(kprintf.o)
                                0x118 (size before relaxing)
 .eh_frame      0x800248f0       0x3c C:/devkitPro/libogc/lib/cube\libogc.a(lwp_queue.o)
                                 0x78 (size before relaxing)
 .eh_frame      0x8002492c        0x0 C:/devkitPro/libogc/lib/cube\libogc.a(lwp_sema.o)
                                 0x8c (size before relaxing)
 .eh_frame      0x8002492c        0x0 C:/devkitPro/devkitPPC/bin/../lib/gcc/powerpc-eabi/13.1.0/../../../../powerpc-eabi/lib\libm.a(libm_a-sf_cos.o)
                                 0x54 (size before relaxing)
 .eh_frame      0x8002492c        0x0 C:/devkitPro/devkitPPC/bin/../lib/gcc/powerpc-eabi/13.1.0/../../../../powerpc-eabi/lib\libm.a(libm_a-wf_sqrt.o)
                                 0x54 (size before relaxing)
 .eh_frame      0x8002492c        0x0 C:/devkitPro/devkitPPC/bin/../lib/gcc/powerpc-eabi/13.1.0/../../../../powerpc-eabi/lib\libm.a(libm_a-kf_cos.o)
                                 0x38 (size before relaxing)
 .eh_frame      0x8002492c        0x0 C:/devkitPro/devkitPPC/bin/../lib/gcc/powerpc-eabi/13.1.0/../../../../powerpc-eabi/lib\libm.a(libm_a-ef_sqrt.o)
                                 0x3c (size before relaxing)
 .eh_frame      0x8002492c        0x0 C:/devkitPro/devkitPPC/bin/../lib/gcc/powerpc-eabi/13.1.0/../../../../powerpc-eabi/lib\libm.a(libm_a-kf_sin.o)
                                 0x34 (size before relaxing)
 .eh_frame      0x8002492c        0x0 C:/devkitPro/devkitPPC/bin/../lib/gcc/powerpc-eabi/13.1.0/../../../../powerpc-eabi/lib\libm.a(libm_a-ef_rem_pio2.o)
                                 0x80 (size before relaxing)
 .eh_frame      0x8002492c        0x0 C:/devkitPro/devkitPPC/bin/../lib/gcc/powerpc-eabi/13.1.0/../../../../powerpc-eabi/lib\libm.a(libm_a-sf_fabs.o)
                                 0x2c (size before relaxing)
 .eh_frame      0x8002492c        0x0 C:/devkitPro/devkitPPC/bin/../lib/gcc/powerpc-eabi/13.1.0/../../../../powerpc-eabi/lib\libm.a(libm_a-kf_rem_pio2.o)
                                 0x80 (size before relaxing)
 .eh_frame      0x8002492c        0x0 C:/devkitPro/devkitPPC/bin/../lib/gcc/powerpc-eabi/13.1.0/../../../../powerpc-eabi/lib\libm.a(libm_a-sf_floor.o)
                                 0x34 (size before relaxing)
 .eh_frame      0x8002492c        0x0 C:/devkitPro/devkitPPC/bin/../lib/gcc/powerpc-eabi/13.1.0/../../../../powerpc-eabi/lib\libm.a(libm_a-sf_scalbn.o)
                                 0x34 (size before relaxing)
 .eh_frame      0x8002492c        0x0 C:/devkitPro/devkitPPC/bin/../lib/gcc/powerpc-eabi/13.1.0\libgcc.a(_moddi3.o)
                                 0x40 (size before relaxing)
 .eh_frame      0x8002492c       0x34 C:/devkitPro/devkitPPC/bin/../lib/gcc/powerpc-eabi/13.1.0\libgcc.a(_udivdi3.o)
                                 0x48 (size before relaxing)
 .eh_frame      0x80024960       0x3c C:/devkitPro/devkitPPC/bin/../lib/gcc/powerpc-eabi/13.1.0\libgcc.a(_umoddi3.o)
                                 0x50 (size before relaxing)
 .eh_frame      0x8002499c       0x1c C:/devkitPro/devkitPPC/bin/../lib/gcc/powerpc-eabi/13.1.0/../../../../powerpc-eabi/lib\libsysbase.a(libsysbase_libsysbase_a-abort.o)
                                 0x30 (size before relaxing)
 .eh_frame      0x800249b8       0x14 C:/devkitPro/devkitPPC/bin/../lib/gcc/powerpc-eabi/13.1.0/../../../../powerpc-eabi/lib\libsysbase.a(libsysbase_libsysbase_a-build_argv.o)
                                 0x28 (size before relaxing)
 .eh_frame      0x800249cc       0x14 C:/devkitPro/devkitPPC/bin/../lib/gcc/powerpc-eabi/13.1.0/../../../../powerpc-eabi/lib\libsysbase.a(libsysbase_libsysbase_a-getreent.o)
                                 0x28 (size before relaxing)
 .eh_frame      0x800249e0       0x14 C:/devkitPro/devkitPPC/bin/../lib/gcc/powerpc-eabi/13.1.0/../../../../powerpc-eabi/lib\libsysbase.a(libsysbase_libsysbase_a-iosupport.o)
                                0x138 (size before relaxing)
 .eh_frame      0x800249f4        0x0 C:/devkitPro/devkitPPC/bin/../lib/gcc/powerpc-eabi/13.1.0/../../../../powerpc-eabi/lib\libsysbase.a(libsysbase_libsysbase_a-usleep.o)
                                 0x40 (size before relaxing)
 .eh_frame      0x800249f4       0x20 C:/devkitPro/devkitPPC/bin/../lib/gcc/powerpc-eabi/13.1.0/../../../../powerpc-eabi/lib\libsysbase.a(libsysbase_libsysbase_a-_exit.o)
                                 0x34 (size before relaxing)
 .eh_frame      0x80024a14        0x0 C:/devkitPro/devkitPPC/bin/../lib/gcc/powerpc-eabi/13.1.0/../../../../powerpc-eabi/lib\libsysbase.a(libsysbase_libsysbase_a-nanosleep.o)
                                 0x38 (size before relaxing)
 .eh_frame      0x80024a14        0x0 C:/devkitPro/devkitPPC/bin/../lib/gcc/powerpc-eabi/13.1.0/../../../../powerpc-eabi/lib\libc.a(libc_a-strcmp.o)
                                 0x28 (size before relaxing)
 .eh_frame      0x80024a14       0x14 C:/devkitPro/devkitPPC/bin/../lib/gcc/powerpc-eabi/13.1.0/../../../../powerpc-eabi/lib\libc.a(libc_a-memset.o)
                                 0x28 (size before relaxing)
 .eh_frame      0x80024a28        0x0 C:/devkitPro/devkitPPC/bin/../lib/gcc/powerpc-eabi/13.1.0/../../../../powerpc-eabi/lib\libc.a(libc_a-strchr.o)
                                 0x28 (size before relaxing)
 .eh_frame      0x80024a28       0x14 C:/devkitPro/devkitPPC/bin/../lib/gcc/powerpc-eabi/13.1.0/../../../../powerpc-eabi/lib\libc.a(libc_a-memcpy.o)
                                 0x28 (size before relaxing)
 .eh_frame      0x80024a3c       0x4c C:/devkitPro/devkitPPC/bin/../lib/gcc/powerpc-eabi/13.1.0/../../../../powerpc-eabi/lib\libc.a(libc_a-setvbuf.o)
                                 0x60 (size before relaxing)
 .eh_frame      0x80024a88        0x0 C:/devkitPro/devkitPPC/bin/../lib/gcc/powerpc-eabi/13.1.0/../../../../powerpc-eabi/lib\libc.a(libc_a-strncmp.o)
                                 0x28 (size before relaxing)
 .eh_frame      0x80024a88       0x14 C:/devkitPro/devkitPPC/bin/../lib/gcc/powerpc-eabi/13.1.0/../../../../powerpc-eabi/lib\libc.a(libc_a-memmove.o)
                                 0x28 (size before relaxing)
 .eh_frame      0x80024a9c       0x2c C:/devkitPro/devkitPPC/bin/../lib/gcc/powerpc-eabi/13.1.0/../../../../powerpc-eabi/lib\libc.a(libc_a-calloc.o)
                                 0x40 (size before relaxing)
 .eh_frame      0x80024ac8       0x20 C:/devkitPro/devkitPPC/bin/../lib/gcc/powerpc-eabi/13.1.0/../../../../powerpc-eabi/lib\libc.a(libc_a-errno.o)
                                 0x34 (size before relaxing)
 .eh_frame      0x80024ae8       0x40 C:/devkitPro/devkitPPC/bin/../lib/gcc/powerpc-eabi/13.1.0/../../../../powerpc-eabi/lib\libc.a(libc_a-callocr.o)
                                 0x54 (size before relaxing)
 .eh_frame      0x80024b28       0x14 C:/devkitPro/devkitPPC/bin/../lib/gcc/powerpc-eabi/13.1.0/../../../../powerpc-eabi/lib\libc.a(libc_a-strlen.o)
                                 0x28 (size before relaxing)
 .eh_frame      0x80024b3c       0xe4 C:/devkitPro/devkitPPC/bin/../lib/gcc/powerpc-eabi/13.1.0/../../../../powerpc-eabi/lib\libc.a(libc_a-mallocr.o)
                                 0xf8 (size before relaxing)
 .eh_frame      0x80024c20       0x28 C:/devkitPro/devkitPPC/bin/../lib/gcc/powerpc-eabi/13.1.0/../../../../powerpc-eabi/lib\libc.a(libc_a-putchar.o)
                                 0x50 (size before relaxing)
 .eh_frame      0x80024c48       0x8c C:/devkitPro/devkitPPC/bin/../lib/gcc/powerpc-eabi/13.1.0/../../../../powerpc-eabi/lib\libc.a(libc_a-freer.o)
                                 0xa0 (size before relaxing)
 .eh_frame      0x80024cd4       0x58 C:/devkitPro/devkitPPC/bin/../lib/gcc/powerpc-eabi/13.1.0/../../../../powerpc-eabi/lib\libc.a(libc_a-malloc.o)
                                 0x6c (size before relaxing)
 .eh_frame      0x80024d2c       0x64 C:/devkitPro/devkitPPC/bin/../lib/gcc/powerpc-eabi/13.1.0/../../../../powerpc-eabi/lib\libc.a(libc_a-putc.o)
                                 0xb4 (size before relaxing)
 .eh_frame      0x80024d90       0x38 C:/devkitPro/devkitPPC/bin/../lib/gcc/powerpc-eabi/13.1.0/../../../../powerpc-eabi/lib\libc.a(libc_a-reent.o)
                                 0x4c (size before relaxing)
 .eh_frame      0x80024dc8       0x34 C:/devkitPro/devkitPPC/bin/../lib/gcc/powerpc-eabi/13.1.0/../../../../powerpc-eabi/lib\libc.a(libc_a-wbuf.o)
                                 0x74 (size before relaxing)